// Jest Snapshot v1, https://goo.gl/fbAQLP

exports[`src | components | pages | Signup | SignupForm should match snapshot 1`] = `
ShallowWrapper {
  Symbol(enzyme.__root__): [Circular],
  Symbol(enzyme.__unrendered__): <SignupForm
    errors={Array []}
    offererName="super structure"
    patch={Object {}}
  />,
  Symbol(enzyme.__renderer__): Object {
    "batchedUpdates": [Function],
    "checkPropTypes": [Function],
    "getNode": [Function],
    "render": [Function],
    "simulateError": [Function],
    "simulateEvent": [Function],
    "unmount": [Function],
  },
  Symbol(enzyme.__node__): Object {
    "instance": null,
    "key": undefined,
    "nodeType": "host",
    "props": Object {
      "children": <div
        className="hero-body"
      >
        <h1
          className="title is-spaced is-1"
        >
          Créez votre compte
        </h1>
        <h2
          className="subtitle is-2"
        >
          Nous vous invitons à prendre connaissance des 
          <a
            className="is-secondary"
            href="https://pass.culture.fr/ressources"
            rel="noopener noreferrer"
            target="_blank"
          >
            modalités de fonctionnement en cliquant ici 
          </a>
          avant de renseigner les champs suivants.
        </h2>
        <span
          className="has-text-grey"
        >
          <span
            className="required-legend"
          >
            *
          </span>
           Champs obligatoires
        </span>
        <withRouter(Connect(_Form))
          BlockComponent={null}
          Tag="form"
          action="/users/signup/pro"
          className={null}
          errorsPatch={Object {}}
          failNotification="Formulaire non validé"
          formPatch={Object {}}
          formatPatch={[Function]}
          handleFail={null}
          handleFailNotification={null}
          handleFailRedirect={null}
          handleSuccess={null}
          handleSuccessNotification={null}
          handleSuccessRedirect={[Function]}
          layout="vertical"
          name="user"
          normalizer={null}
          onEnterKey={null}
          onEscapeKey={null}
          onSubmit={null}
          patch={Object {}}
          successNotification="Formulaire non validé"
        >
          <div
            className="field-group"
          >
            <Field
              displayValue={[Function]}
              errors={null}
              label="Adresse e-mail"
              layout="horizontal"
              name="email"
              placeholder="nom@exemple.fr"
              required={true}
              size="normal"
              storeValue={[Function]}
              sublabel="pour se connecter et récupérer son mot de passe en cas d’oubli"
              type="email"
            />
            <Field
              displayValue={[Function]}
              errors={null}
              info="
          <Fragment>Votre mot de passe doit contenir au moins :
            <ul>
              <li>12 caractères</li>
              <li>une majuscule et une minuscule</li>
              <li>un chiffre</li>
              <li>un caractère spécial (signe de ponctuation, symbole monétaire ou mathématique)</li>
            </ul>
          </Fragment>"
              label="Mot de passe"
              layout="horizontal"
              name="password"
              placeholder="Mon mot de passe"
              required={true}
              size="normal"
              storeValue={[Function]}
              sublabel="pour se connecter"
              type="password"
            />
            <Field
              displayValue={[Function]}
              errors={null}
              label="Nom"
              layout="horizontal"
              name="lastName"
              placeholder="Mon nom"
              required={true}
              size="normal"
              storeValue={[Function]}
            />
            <Field
              displayValue={[Function]}
              errors={null}
              label="Prénom"
              layout="horizontal"
              name="firstName"
              placeholder="Mon prénom"
              required={true}
              size="normal"
              storeValue={[Function]}
            />
            <Field
              displayValue={[Function]}
              errors={null}
              label="Téléphone"
              layout="horizontal"
              name="phoneNumber"
              placeholder="Mon numéro de téléphone"
              required={true}
              size="normal"
              storeValue={[Function]}
              sublabel="utilisé uniquement par l'équipe du pass Culture"
            />
            <Field
              disabling={[Function]}
              displayValue={[Function]}
              errors={null}
              label="SIREN"
              layout="horizontal"
              name="siren"
              placeholder="123 456 789"
              required={true}
              size="normal"
              storeValue={[Function]}
              sublabel="de la structure que vous représentez"
              type="siren"
              withFetchedName={true}
            />
            <Field
              displayValue={[Function]}
              errors={null}
              label="Je souhaite recevoir les actualités du pass Culture"
              layout="horizontal"
              name="newsletter_ok"
              size="normal"
              storeValue={[Function]}
              type="checkbox"
            />
            <Field
              displayValue={[Function]}
              errors={null}
              label="J’accepte d'être contacté par e-mail pour donner mon avis sur le pass Culture"
              layout="horizontal"
              name="contact_ok"
              required={true}
              size="normal"
              storeValue={[Function]}
              type="checkbox"
            />
            <Field
              className="cgu-field"
              displayValue={[Function]}
              errors={null}
              label={
                <React.Fragment>
                  J’ai lu et j’accepte les 
                  <a
                    href="https://docs.passculture.app/textes-normatifs"
                    id="accept-cgu-link"
                    rel="noopener noreferrer"
                    target="_blank"
                  >
                    Conditions Générales d’Utilisation
                  </a>
                </React.Fragment>
              }
              layout="horizontal"
              name="cgu_ok"
              required={true}
              size="normal"
              storeValue={[Function]}
              type="checkbox"
            />
            <div
              className="errors"
            />
          </div>
          <div
            className="buttons-field"
          >
            <NavLink
              activeClassName="active"
              aria-current="page"
              className="button is-secondary"
              to="/connexion"
            >
              J’ai déjà un compte
            </NavLink>
            <SubmitButton
              className="button is-primary is-outlined"
              getDisabled={[Function]}
              getTitle={[Function]}
              requiredFields={Array []}
              type="submit"
            >
              Créer
            </SubmitButton>
          </div>
        </withRouter(Connect(_Form))>
      </div>,
    },
    "ref": null,
    "rendered": Object {
      "instance": null,
      "key": undefined,
      "nodeType": "host",
      "props": Object {
        "children": Array [
          <h1
            className="title is-spaced is-1"
          >
            Créez votre compte
          </h1>,
          <h2
            className="subtitle is-2"
          >
            Nous vous invitons à prendre connaissance des 
            <a
              className="is-secondary"
              href="https://pass.culture.fr/ressources"
              rel="noopener noreferrer"
              target="_blank"
            >
              modalités de fonctionnement en cliquant ici 
            </a>
            avant de renseigner les champs suivants.
          </h2>,
          <span
            className="has-text-grey"
          >
            <span
              className="required-legend"
            >
              *
            </span>
             Champs obligatoires
          </span>,
          <withRouter(Connect(_Form))
            BlockComponent={null}
            Tag="form"
            action="/users/signup/pro"
            className={null}
            errorsPatch={Object {}}
            failNotification="Formulaire non validé"
            formPatch={Object {}}
            formatPatch={[Function]}
            handleFail={null}
            handleFailNotification={null}
            handleFailRedirect={null}
            handleSuccess={null}
            handleSuccessNotification={null}
            handleSuccessRedirect={[Function]}
            layout="vertical"
            name="user"
            normalizer={null}
            onEnterKey={null}
            onEscapeKey={null}
            onSubmit={null}
            patch={Object {}}
            successNotification="Formulaire non validé"
          >
            <div
              className="field-group"
            >
              <Field
                displayValue={[Function]}
                errors={null}
                label="Adresse e-mail"
                layout="horizontal"
                name="email"
                placeholder="nom@exemple.fr"
                required={true}
                size="normal"
                storeValue={[Function]}
                sublabel="pour se connecter et récupérer son mot de passe en cas d’oubli"
                type="email"
              />
              <Field
                displayValue={[Function]}
                errors={null}
                info="
          <Fragment>Votre mot de passe doit contenir au moins :
            <ul>
              <li>12 caractères</li>
              <li>une majuscule et une minuscule</li>
              <li>un chiffre</li>
              <li>un caractère spécial (signe de ponctuation, symbole monétaire ou mathématique)</li>
            </ul>
          </Fragment>"
                label="Mot de passe"
                layout="horizontal"
                name="password"
                placeholder="Mon mot de passe"
                required={true}
                size="normal"
                storeValue={[Function]}
                sublabel="pour se connecter"
                type="password"
              />
              <Field
                displayValue={[Function]}
                errors={null}
                label="Nom"
                layout="horizontal"
                name="lastName"
                placeholder="Mon nom"
                required={true}
                size="normal"
                storeValue={[Function]}
              />
              <Field
                displayValue={[Function]}
                errors={null}
                label="Prénom"
                layout="horizontal"
                name="firstName"
                placeholder="Mon prénom"
                required={true}
                size="normal"
                storeValue={[Function]}
              />
              <Field
                displayValue={[Function]}
                errors={null}
                label="Téléphone"
                layout="horizontal"
                name="phoneNumber"
                placeholder="Mon numéro de téléphone"
                required={true}
                size="normal"
                storeValue={[Function]}
                sublabel="utilisé uniquement par l'équipe du pass Culture"
              />
              <Field
                disabling={[Function]}
                displayValue={[Function]}
                errors={null}
                label="SIREN"
                layout="horizontal"
                name="siren"
                placeholder="123 456 789"
                required={true}
                size="normal"
                storeValue={[Function]}
                sublabel="de la structure que vous représentez"
                type="siren"
                withFetchedName={true}
              />
              <Field
                displayValue={[Function]}
                errors={null}
                label="Je souhaite recevoir les actualités du pass Culture"
                layout="horizontal"
                name="newsletter_ok"
                size="normal"
                storeValue={[Function]}
                type="checkbox"
              />
              <Field
                displayValue={[Function]}
                errors={null}
                label="J’accepte d'être contacté par e-mail pour donner mon avis sur le pass Culture"
                layout="horizontal"
                name="contact_ok"
                required={true}
                size="normal"
                storeValue={[Function]}
                type="checkbox"
              />
              <Field
                className="cgu-field"
                displayValue={[Function]}
                errors={null}
                label={
                  <React.Fragment>
                    J’ai lu et j’accepte les 
                    <a
                      href="https://docs.passculture.app/textes-normatifs"
                      id="accept-cgu-link"
                      rel="noopener noreferrer"
                      target="_blank"
                    >
                      Conditions Générales d’Utilisation
                    </a>
                  </React.Fragment>
                }
                layout="horizontal"
                name="cgu_ok"
                required={true}
                size="normal"
                storeValue={[Function]}
                type="checkbox"
              />
              <div
                className="errors"
              />
            </div>
            <div
              className="buttons-field"
            >
              <NavLink
                activeClassName="active"
                aria-current="page"
                className="button is-secondary"
                to="/connexion"
              >
                J’ai déjà un compte
              </NavLink>
              <SubmitButton
                className="button is-primary is-outlined"
                getDisabled={[Function]}
                getTitle={[Function]}
                requiredFields={Array []}
                type="submit"
              >
                Créer
              </SubmitButton>
            </div>
          </withRouter(Connect(_Form))>,
        ],
        "className": "hero-body",
      },
      "ref": null,
      "rendered": Array [
        Object {
          "instance": null,
          "key": undefined,
          "nodeType": "host",
          "props": Object {
            "children": "Créez votre compte",
            "className": "title is-spaced is-1",
          },
          "ref": null,
          "rendered": "Créez votre compte",
          "type": "h1",
        },
        Object {
          "instance": null,
          "key": undefined,
          "nodeType": "host",
          "props": Object {
            "children": Array [
              "Nous vous invitons à prendre connaissance des ",
              <a
                className="is-secondary"
                href="https://pass.culture.fr/ressources"
                rel="noopener noreferrer"
                target="_blank"
              >
                modalités de fonctionnement en cliquant ici 
              </a>,
              "avant de renseigner les champs suivants.",
            ],
            "className": "subtitle is-2",
          },
          "ref": null,
          "rendered": Array [
            "Nous vous invitons à prendre connaissance des ",
            Object {
              "instance": null,
              "key": undefined,
              "nodeType": "host",
              "props": Object {
                "children": "modalités de fonctionnement en cliquant ici ",
                "className": "is-secondary",
                "href": "https://pass.culture.fr/ressources",
                "rel": "noopener noreferrer",
                "target": "_blank",
              },
              "ref": null,
              "rendered": "modalités de fonctionnement en cliquant ici ",
              "type": "a",
            },
            "avant de renseigner les champs suivants.",
          ],
          "type": "h2",
        },
        Object {
          "instance": null,
          "key": undefined,
          "nodeType": "host",
          "props": Object {
            "children": Array [
              <span
                className="required-legend"
              >
                *
              </span>,
              " Champs obligatoires",
            ],
            "className": "has-text-grey",
          },
          "ref": null,
          "rendered": Array [
            Object {
              "instance": null,
              "key": undefined,
              "nodeType": "host",
              "props": Object {
                "children": "*",
                "className": "required-legend",
              },
              "ref": null,
              "rendered": "*",
              "type": "span",
            },
            " Champs obligatoires",
          ],
          "type": "span",
        },
        Object {
          "instance": null,
          "key": undefined,
          "nodeType": "function",
          "props": Object {
            "BlockComponent": null,
            "Tag": "form",
            "action": "/users/signup/pro",
            "children": Array [
              <div
                className="field-group"
              >
                <Field
                  displayValue={[Function]}
                  errors={null}
                  label="Adresse e-mail"
                  layout="horizontal"
                  name="email"
                  placeholder="nom@exemple.fr"
                  required={true}
                  size="normal"
                  storeValue={[Function]}
                  sublabel="pour se connecter et récupérer son mot de passe en cas d’oubli"
                  type="email"
                />
                <Field
                  displayValue={[Function]}
                  errors={null}
                  info="
          <Fragment>Votre mot de passe doit contenir au moins :
            <ul>
              <li>12 caractères</li>
              <li>une majuscule et une minuscule</li>
              <li>un chiffre</li>
              <li>un caractère spécial (signe de ponctuation, symbole monétaire ou mathématique)</li>
            </ul>
          </Fragment>"
                  label="Mot de passe"
                  layout="horizontal"
                  name="password"
                  placeholder="Mon mot de passe"
                  required={true}
                  size="normal"
                  storeValue={[Function]}
                  sublabel="pour se connecter"
                  type="password"
                />
                <Field
                  displayValue={[Function]}
                  errors={null}
                  label="Nom"
                  layout="horizontal"
                  name="lastName"
                  placeholder="Mon nom"
                  required={true}
                  size="normal"
                  storeValue={[Function]}
                />
                <Field
                  displayValue={[Function]}
                  errors={null}
                  label="Prénom"
                  layout="horizontal"
                  name="firstName"
                  placeholder="Mon prénom"
                  required={true}
                  size="normal"
                  storeValue={[Function]}
                />
                <Field
                  displayValue={[Function]}
                  errors={null}
                  label="Téléphone"
                  layout="horizontal"
                  name="phoneNumber"
                  placeholder="Mon numéro de téléphone"
                  required={true}
                  size="normal"
                  storeValue={[Function]}
                  sublabel="utilisé uniquement par l'équipe du pass Culture"
                />
                <Field
                  disabling={[Function]}
                  displayValue={[Function]}
                  errors={null}
                  label="SIREN"
                  layout="horizontal"
                  name="siren"
                  placeholder="123 456 789"
                  required={true}
                  size="normal"
                  storeValue={[Function]}
                  sublabel="de la structure que vous représentez"
                  type="siren"
                  withFetchedName={true}
                />
                <Field
                  displayValue={[Function]}
                  errors={null}
                  label="Je souhaite recevoir les actualités du pass Culture"
                  layout="horizontal"
                  name="newsletter_ok"
                  size="normal"
                  storeValue={[Function]}
                  type="checkbox"
                />
                <Field
                  displayValue={[Function]}
                  errors={null}
                  label="J’accepte d'être contacté par e-mail pour donner mon avis sur le pass Culture"
                  layout="horizontal"
                  name="contact_ok"
                  required={true}
                  size="normal"
                  storeValue={[Function]}
                  type="checkbox"
                />
                <Field
                  className="cgu-field"
                  displayValue={[Function]}
                  errors={null}
                  label={
                    <React.Fragment>
                      J’ai lu et j’accepte les 
                      <a
                        href="https://docs.passculture.app/textes-normatifs"
                        id="accept-cgu-link"
                        rel="noopener noreferrer"
                        target="_blank"
                      >
                        Conditions Générales d’Utilisation
                      </a>
                    </React.Fragment>
                  }
                  layout="horizontal"
                  name="cgu_ok"
                  required={true}
                  size="normal"
                  storeValue={[Function]}
                  type="checkbox"
                />
                <div
                  className="errors"
                />
              </div>,
              <div
                className="buttons-field"
              >
                <NavLink
                  activeClassName="active"
                  aria-current="page"
                  className="button is-secondary"
                  to="/connexion"
                >
                  J’ai déjà un compte
                </NavLink>
                <SubmitButton
                  className="button is-primary is-outlined"
                  getDisabled={[Function]}
                  getTitle={[Function]}
                  requiredFields={Array []}
                  type="submit"
                >
                  Créer
                </SubmitButton>
              </div>,
            ],
            "className": null,
            "errorsPatch": Object {},
            "failNotification": "Formulaire non validé",
            "formPatch": Object {},
            "formatPatch": [Function],
            "handleFail": null,
            "handleFailNotification": null,
            "handleFailRedirect": null,
            "handleSuccess": null,
            "handleSuccessNotification": null,
            "handleSuccessRedirect": [Function],
            "layout": "vertical",
            "name": "user",
            "normalizer": null,
            "onEnterKey": null,
            "onEscapeKey": null,
            "onSubmit": null,
            "patch": Object {},
            "successNotification": "Formulaire non validé",
          },
          "ref": null,
          "rendered": Array [
            Object {
              "instance": null,
              "key": undefined,
              "nodeType": "host",
              "props": Object {
                "children": Array [
                  <Field
                    displayValue={[Function]}
                    errors={null}
                    label="Adresse e-mail"
                    layout="horizontal"
                    name="email"
                    placeholder="nom@exemple.fr"
                    required={true}
                    size="normal"
                    storeValue={[Function]}
                    sublabel="pour se connecter et récupérer son mot de passe en cas d’oubli"
                    type="email"
                  />,
                  <Field
                    displayValue={[Function]}
                    errors={null}
                    info="
          <Fragment>Votre mot de passe doit contenir au moins :
            <ul>
              <li>12 caractères</li>
              <li>une majuscule et une minuscule</li>
              <li>un chiffre</li>
              <li>un caractère spécial (signe de ponctuation, symbole monétaire ou mathématique)</li>
            </ul>
          </Fragment>"
                    label="Mot de passe"
                    layout="horizontal"
                    name="password"
                    placeholder="Mon mot de passe"
                    required={true}
                    size="normal"
                    storeValue={[Function]}
                    sublabel="pour se connecter"
                    type="password"
                  />,
                  <Field
                    displayValue={[Function]}
                    errors={null}
                    label="Nom"
                    layout="horizontal"
                    name="lastName"
                    placeholder="Mon nom"
                    required={true}
                    size="normal"
                    storeValue={[Function]}
                  />,
                  <Field
                    displayValue={[Function]}
                    errors={null}
                    label="Prénom"
                    layout="horizontal"
                    name="firstName"
                    placeholder="Mon prénom"
                    required={true}
                    size="normal"
                    storeValue={[Function]}
                  />,
                  <Field
                    displayValue={[Function]}
                    errors={null}
                    label="Téléphone"
                    layout="horizontal"
                    name="phoneNumber"
                    placeholder="Mon numéro de téléphone"
                    required={true}
                    size="normal"
                    storeValue={[Function]}
                    sublabel="utilisé uniquement par l'équipe du pass Culture"
                  />,
                  <Field
                    disabling={[Function]}
                    displayValue={[Function]}
                    errors={null}
                    label="SIREN"
                    layout="horizontal"
                    name="siren"
                    placeholder="123 456 789"
                    required={true}
                    size="normal"
                    storeValue={[Function]}
                    sublabel="de la structure que vous représentez"
                    type="siren"
                    withFetchedName={true}
                  />,
                  <Field
                    displayValue={[Function]}
                    errors={null}
                    label="Je souhaite recevoir les actualités du pass Culture"
                    layout="horizontal"
                    name="newsletter_ok"
                    size="normal"
                    storeValue={[Function]}
                    type="checkbox"
                  />,
                  <Field
                    displayValue={[Function]}
                    errors={null}
                    label="J’accepte d'être contacté par e-mail pour donner mon avis sur le pass Culture"
                    layout="horizontal"
                    name="contact_ok"
                    required={true}
                    size="normal"
                    storeValue={[Function]}
                    type="checkbox"
                  />,
                  <Field
                    className="cgu-field"
                    displayValue={[Function]}
                    errors={null}
                    label={
                      <React.Fragment>
                        J’ai lu et j’accepte les 
                        <a
                          href="https://docs.passculture.app/textes-normatifs"
                          id="accept-cgu-link"
                          rel="noopener noreferrer"
                          target="_blank"
                        >
                          Conditions Générales d’Utilisation
                        </a>
                      </React.Fragment>
                    }
                    layout="horizontal"
                    name="cgu_ok"
                    required={true}
                    size="normal"
                    storeValue={[Function]}
                    type="checkbox"
                  />,
                  <div
                    className="errors"
                  />,
                ],
                "className": "field-group",
              },
              "ref": null,
              "rendered": Array [
                Object {
                  "instance": null,
                  "key": undefined,
                  "nodeType": "class",
                  "props": Object {
                    "displayValue": [Function],
                    "errors": null,
                    "label": "Adresse e-mail",
                    "layout": "horizontal",
                    "name": "email",
                    "placeholder": "nom@exemple.fr",
                    "required": true,
                    "size": "normal",
                    "storeValue": [Function],
                    "sublabel": "pour se connecter et récupérer son mot de passe en cas d’oubli",
                    "type": "email",
                  },
                  "ref": null,
                  "rendered": null,
                  "type": [Function],
                },
                Object {
                  "instance": null,
                  "key": undefined,
                  "nodeType": "class",
                  "props": Object {
                    "displayValue": [Function],
                    "errors": null,
                    "info": "
          <Fragment>Votre mot de passe doit contenir au moins :
            <ul>
              <li>12 caractères</li>
              <li>une majuscule et une minuscule</li>
              <li>un chiffre</li>
              <li>un caractère spécial (signe de ponctuation, symbole monétaire ou mathématique)</li>
            </ul>
          </Fragment>",
                    "label": "Mot de passe",
                    "layout": "horizontal",
                    "name": "password",
                    "placeholder": "Mon mot de passe",
                    "required": true,
                    "size": "normal",
                    "storeValue": [Function],
                    "sublabel": "pour se connecter",
                    "type": "password",
                  },
                  "ref": null,
                  "rendered": null,
                  "type": [Function],
                },
                Object {
                  "instance": null,
                  "key": undefined,
                  "nodeType": "class",
                  "props": Object {
                    "displayValue": [Function],
                    "errors": null,
                    "label": "Nom",
                    "layout": "horizontal",
                    "name": "lastName",
                    "placeholder": "Mon nom",
                    "required": true,
                    "size": "normal",
                    "storeValue": [Function],
                  },
                  "ref": null,
                  "rendered": null,
                  "type": [Function],
                },
                Object {
                  "instance": null,
                  "key": undefined,
                  "nodeType": "class",
                  "props": Object {
                    "displayValue": [Function],
                    "errors": null,
                    "label": "Prénom",
                    "layout": "horizontal",
                    "name": "firstName",
                    "placeholder": "Mon prénom",
                    "required": true,
                    "size": "normal",
                    "storeValue": [Function],
                  },
                  "ref": null,
                  "rendered": null,
                  "type": [Function],
                },
                Object {
                  "instance": null,
                  "key": undefined,
                  "nodeType": "class",
                  "props": Object {
                    "displayValue": [Function],
                    "errors": null,
                    "label": "Téléphone",
                    "layout": "horizontal",
                    "name": "phoneNumber",
                    "placeholder": "Mon numéro de téléphone",
                    "required": true,
                    "size": "normal",
                    "storeValue": [Function],
                    "sublabel": "utilisé uniquement par l'équipe du pass Culture",
                  },
                  "ref": null,
                  "rendered": null,
                  "type": [Function],
                },
                Object {
                  "instance": null,
                  "key": undefined,
                  "nodeType": "class",
                  "props": Object {
                    "disabling": [Function],
                    "displayValue": [Function],
                    "errors": null,
                    "label": "SIREN",
                    "layout": "horizontal",
                    "name": "siren",
                    "placeholder": "123 456 789",
                    "required": true,
                    "size": "normal",
                    "storeValue": [Function],
                    "sublabel": "de la structure que vous représentez",
                    "type": "siren",
                    "withFetchedName": true,
                  },
                  "ref": null,
                  "rendered": null,
                  "type": [Function],
                },
                Object {
                  "instance": null,
                  "key": undefined,
                  "nodeType": "class",
                  "props": Object {
                    "displayValue": [Function],
                    "errors": null,
                    "label": "Je souhaite recevoir les actualités du pass Culture",
                    "layout": "horizontal",
                    "name": "newsletter_ok",
                    "size": "normal",
                    "storeValue": [Function],
                    "type": "checkbox",
                  },
                  "ref": null,
                  "rendered": null,
                  "type": [Function],
                },
                Object {
                  "instance": null,
                  "key": undefined,
                  "nodeType": "class",
                  "props": Object {
                    "displayValue": [Function],
                    "errors": null,
                    "label": "J’accepte d'être contacté par e-mail pour donner mon avis sur le pass Culture",
                    "layout": "horizontal",
                    "name": "contact_ok",
                    "required": true,
                    "size": "normal",
                    "storeValue": [Function],
                    "type": "checkbox",
                  },
                  "ref": null,
                  "rendered": null,
                  "type": [Function],
                },
                Object {
                  "instance": null,
                  "key": undefined,
                  "nodeType": "class",
                  "props": Object {
                    "className": "cgu-field",
                    "displayValue": [Function],
                    "errors": null,
                    "label": <React.Fragment>
                      J’ai lu et j’accepte les 
                      <a
                        href="https://docs.passculture.app/textes-normatifs"
                        id="accept-cgu-link"
                        rel="noopener noreferrer"
                        target="_blank"
                      >
                        Conditions Générales d’Utilisation
                      </a>
                    </React.Fragment>,
                    "layout": "horizontal",
                    "name": "cgu_ok",
                    "required": true,
                    "size": "normal",
                    "storeValue": [Function],
                    "type": "checkbox",
                  },
                  "ref": null,
                  "rendered": null,
                  "type": [Function],
                },
                Object {
                  "instance": null,
                  "key": undefined,
                  "nodeType": "host",
                  "props": Object {
                    "children": Array [],
                    "className": "errors",
                  },
                  "ref": null,
                  "rendered": Array [],
                  "type": "div",
                },
              ],
              "type": "div",
            },
            Object {
              "instance": null,
              "key": undefined,
              "nodeType": "host",
              "props": Object {
                "children": Array [
                  <NavLink
                    activeClassName="active"
                    aria-current="page"
                    className="button is-secondary"
                    to="/connexion"
                  >
                    J’ai déjà un compte
                  </NavLink>,
                  <SubmitButton
                    className="button is-primary is-outlined"
                    getDisabled={[Function]}
                    getTitle={[Function]}
                    requiredFields={Array []}
                    type="submit"
                  >
                    Créer
                  </SubmitButton>,
                ],
                "className": "buttons-field",
              },
              "ref": null,
              "rendered": Array [
                Object {
                  "instance": null,
                  "key": undefined,
                  "nodeType": "function",
                  "props": Object {
                    "activeClassName": "active",
                    "aria-current": "page",
                    "children": "J’ai déjà un compte",
                    "className": "button is-secondary",
                    "to": "/connexion",
                  },
                  "ref": null,
                  "rendered": "J’ai déjà un compte",
                  "type": [Function],
                },
                Object {
                  "instance": null,
                  "key": undefined,
                  "nodeType": "function",
                  "props": Object {
                    "children": "Créer",
                    "className": "button is-primary is-outlined",
                    "getDisabled": [Function],
                    "getTitle": [Function],
                    "requiredFields": Array [],
                    "type": "submit",
                  },
                  "ref": null,
                  "rendered": "Créer",
                  "type": [Function],
                },
              ],
              "type": "div",
            },
          ],
          "type": [Function],
        },
      ],
      "type": "div",
    },
    "type": "section",
  },
  Symbol(enzyme.__nodes__): Array [
    Object {
      "instance": null,
      "key": undefined,
      "nodeType": "host",
      "props": Object {
        "children": <div
          className="hero-body"
        >
          <h1
            className="title is-spaced is-1"
          >
            Créez votre compte
          </h1>
          <h2
            className="subtitle is-2"
          >
            Nous vous invitons à prendre connaissance des 
            <a
              className="is-secondary"
              href="https://pass.culture.fr/ressources"
              rel="noopener noreferrer"
              target="_blank"
            >
              modalités de fonctionnement en cliquant ici 
            </a>
            avant de renseigner les champs suivants.
          </h2>
          <span
            className="has-text-grey"
          >
            <span
              className="required-legend"
            >
              *
            </span>
             Champs obligatoires
          </span>
          <withRouter(Connect(_Form))
            BlockComponent={null}
            Tag="form"
            action="/users/signup/pro"
            className={null}
            errorsPatch={Object {}}
            failNotification="Formulaire non validé"
            formPatch={Object {}}
            formatPatch={[Function]}
            handleFail={null}
            handleFailNotification={null}
            handleFailRedirect={null}
            handleSuccess={null}
            handleSuccessNotification={null}
            handleSuccessRedirect={[Function]}
            layout="vertical"
            name="user"
            normalizer={null}
            onEnterKey={null}
            onEscapeKey={null}
            onSubmit={null}
            patch={Object {}}
            successNotification="Formulaire non validé"
          >
            <div
              className="field-group"
            >
              <Field
                displayValue={[Function]}
                errors={null}
                label="Adresse e-mail"
                layout="horizontal"
                name="email"
                placeholder="nom@exemple.fr"
                required={true}
                size="normal"
                storeValue={[Function]}
                sublabel="pour se connecter et récupérer son mot de passe en cas d’oubli"
                type="email"
              />
              <Field
                displayValue={[Function]}
                errors={null}
                info="
          <Fragment>Votre mot de passe doit contenir au moins :
            <ul>
              <li>12 caractères</li>
              <li>une majuscule et une minuscule</li>
              <li>un chiffre</li>
              <li>un caractère spécial (signe de ponctuation, symbole monétaire ou mathématique)</li>
            </ul>
          </Fragment>"
                label="Mot de passe"
                layout="horizontal"
                name="password"
                placeholder="Mon mot de passe"
                required={true}
                size="normal"
                storeValue={[Function]}
                sublabel="pour se connecter"
                type="password"
              />
              <Field
                displayValue={[Function]}
                errors={null}
                label="Nom"
                layout="horizontal"
                name="lastName"
                placeholder="Mon nom"
                required={true}
                size="normal"
                storeValue={[Function]}
              />
              <Field
                displayValue={[Function]}
                errors={null}
                label="Prénom"
                layout="horizontal"
                name="firstName"
                placeholder="Mon prénom"
                required={true}
                size="normal"
                storeValue={[Function]}
              />
              <Field
                displayValue={[Function]}
                errors={null}
                label="Téléphone"
                layout="horizontal"
                name="phoneNumber"
                placeholder="Mon numéro de téléphone"
                required={true}
                size="normal"
                storeValue={[Function]}
                sublabel="utilisé uniquement par l'équipe du pass Culture"
              />
              <Field
                disabling={[Function]}
                displayValue={[Function]}
                errors={null}
                label="SIREN"
                layout="horizontal"
                name="siren"
                placeholder="123 456 789"
                required={true}
                size="normal"
                storeValue={[Function]}
                sublabel="de la structure que vous représentez"
                type="siren"
                withFetchedName={true}
              />
              <Field
                displayValue={[Function]}
                errors={null}
                label="Je souhaite recevoir les actualités du pass Culture"
                layout="horizontal"
                name="newsletter_ok"
                size="normal"
                storeValue={[Function]}
                type="checkbox"
              />
              <Field
                displayValue={[Function]}
                errors={null}
                label="J’accepte d'être contacté par e-mail pour donner mon avis sur le pass Culture"
                layout="horizontal"
                name="contact_ok"
                required={true}
                size="normal"
                storeValue={[Function]}
                type="checkbox"
              />
              <Field
                className="cgu-field"
                displayValue={[Function]}
                errors={null}
                label={
                  <React.Fragment>
                    J’ai lu et j’accepte les 
                    <a
                      href="https://docs.passculture.app/textes-normatifs"
                      id="accept-cgu-link"
                      rel="noopener noreferrer"
                      target="_blank"
                    >
                      Conditions Générales d’Utilisation
                    </a>
                  </React.Fragment>
                }
                layout="horizontal"
                name="cgu_ok"
                required={true}
                size="normal"
                storeValue={[Function]}
                type="checkbox"
              />
              <div
                className="errors"
              />
            </div>
            <div
              className="buttons-field"
            >
              <NavLink
                activeClassName="active"
                aria-current="page"
                className="button is-secondary"
                to="/connexion"
              >
                J’ai déjà un compte
              </NavLink>
              <SubmitButton
                className="button is-primary is-outlined"
                getDisabled={[Function]}
                getTitle={[Function]}
                requiredFields={Array []}
                type="submit"
              >
                Créer
              </SubmitButton>
            </div>
          </withRouter(Connect(_Form))>
        </div>,
      },
      "ref": null,
      "rendered": Object {
        "instance": null,
        "key": undefined,
        "nodeType": "host",
        "props": Object {
          "children": Array [
            <h1
              className="title is-spaced is-1"
            >
              Créez votre compte
            </h1>,
            <h2
              className="subtitle is-2"
            >
              Nous vous invitons à prendre connaissance des 
              <a
                className="is-secondary"
                href="https://pass.culture.fr/ressources"
                rel="noopener noreferrer"
                target="_blank"
              >
                modalités de fonctionnement en cliquant ici 
              </a>
              avant de renseigner les champs suivants.
            </h2>,
            <span
              className="has-text-grey"
            >
              <span
                className="required-legend"
              >
                *
              </span>
               Champs obligatoires
            </span>,
            <withRouter(Connect(_Form))
              BlockComponent={null}
              Tag="form"
              action="/users/signup/pro"
              className={null}
              errorsPatch={Object {}}
              failNotification="Formulaire non validé"
              formPatch={Object {}}
              formatPatch={[Function]}
              handleFail={null}
              handleFailNotification={null}
              handleFailRedirect={null}
              handleSuccess={null}
              handleSuccessNotification={null}
              handleSuccessRedirect={[Function]}
              layout="vertical"
              name="user"
              normalizer={null}
              onEnterKey={null}
              onEscapeKey={null}
              onSubmit={null}
              patch={Object {}}
              successNotification="Formulaire non validé"
            >
              <div
                className="field-group"
              >
                <Field
                  displayValue={[Function]}
                  errors={null}
                  label="Adresse e-mail"
                  layout="horizontal"
                  name="email"
                  placeholder="nom@exemple.fr"
                  required={true}
                  size="normal"
                  storeValue={[Function]}
                  sublabel="pour se connecter et récupérer son mot de passe en cas d’oubli"
                  type="email"
                />
                <Field
                  displayValue={[Function]}
                  errors={null}
                  info="
          <Fragment>Votre mot de passe doit contenir au moins :
            <ul>
              <li>12 caractères</li>
              <li>une majuscule et une minuscule</li>
              <li>un chiffre</li>
              <li>un caractère spécial (signe de ponctuation, symbole monétaire ou mathématique)</li>
            </ul>
          </Fragment>"
                  label="Mot de passe"
                  layout="horizontal"
                  name="password"
                  placeholder="Mon mot de passe"
                  required={true}
                  size="normal"
                  storeValue={[Function]}
                  sublabel="pour se connecter"
                  type="password"
                />
                <Field
                  displayValue={[Function]}
                  errors={null}
                  label="Nom"
                  layout="horizontal"
                  name="lastName"
                  placeholder="Mon nom"
                  required={true}
                  size="normal"
                  storeValue={[Function]}
                />
                <Field
                  displayValue={[Function]}
                  errors={null}
                  label="Prénom"
                  layout="horizontal"
                  name="firstName"
                  placeholder="Mon prénom"
                  required={true}
                  size="normal"
                  storeValue={[Function]}
                />
                <Field
                  displayValue={[Function]}
                  errors={null}
                  label="Téléphone"
                  layout="horizontal"
                  name="phoneNumber"
                  placeholder="Mon numéro de téléphone"
                  required={true}
                  size="normal"
                  storeValue={[Function]}
                  sublabel="utilisé uniquement par l'équipe du pass Culture"
                />
                <Field
                  disabling={[Function]}
                  displayValue={[Function]}
                  errors={null}
                  label="SIREN"
                  layout="horizontal"
                  name="siren"
                  placeholder="123 456 789"
                  required={true}
                  size="normal"
                  storeValue={[Function]}
                  sublabel="de la structure que vous représentez"
                  type="siren"
                  withFetchedName={true}
                />
                <Field
                  displayValue={[Function]}
                  errors={null}
                  label="Je souhaite recevoir les actualités du pass Culture"
                  layout="horizontal"
                  name="newsletter_ok"
                  size="normal"
                  storeValue={[Function]}
                  type="checkbox"
                />
                <Field
                  displayValue={[Function]}
                  errors={null}
                  label="J’accepte d'être contacté par e-mail pour donner mon avis sur le pass Culture"
                  layout="horizontal"
                  name="contact_ok"
                  required={true}
                  size="normal"
                  storeValue={[Function]}
                  type="checkbox"
                />
                <Field
                  className="cgu-field"
                  displayValue={[Function]}
                  errors={null}
                  label={
                    <React.Fragment>
                      J’ai lu et j’accepte les 
                      <a
                        href="https://docs.passculture.app/textes-normatifs"
                        id="accept-cgu-link"
                        rel="noopener noreferrer"
                        target="_blank"
                      >
                        Conditions Générales d’Utilisation
                      </a>
                    </React.Fragment>
                  }
                  layout="horizontal"
                  name="cgu_ok"
                  required={true}
                  size="normal"
                  storeValue={[Function]}
                  type="checkbox"
                />
                <div
                  className="errors"
                />
              </div>
              <div
                className="buttons-field"
              >
                <NavLink
                  activeClassName="active"
                  aria-current="page"
                  className="button is-secondary"
                  to="/connexion"
                >
                  J’ai déjà un compte
                </NavLink>
                <SubmitButton
                  className="button is-primary is-outlined"
                  getDisabled={[Function]}
                  getTitle={[Function]}
                  requiredFields={Array []}
                  type="submit"
                >
                  Créer
                </SubmitButton>
              </div>
            </withRouter(Connect(_Form))>,
          ],
          "className": "hero-body",
        },
        "ref": null,
        "rendered": Array [
          Object {
            "instance": null,
            "key": undefined,
            "nodeType": "host",
            "props": Object {
              "children": "Créez votre compte",
              "className": "title is-spaced is-1",
            },
            "ref": null,
            "rendered": "Créez votre compte",
            "type": "h1",
          },
          Object {
            "instance": null,
            "key": undefined,
            "nodeType": "host",
            "props": Object {
              "children": Array [
                "Nous vous invitons à prendre connaissance des ",
                <a
                  className="is-secondary"
                  href="https://pass.culture.fr/ressources"
                  rel="noopener noreferrer"
                  target="_blank"
                >
                  modalités de fonctionnement en cliquant ici 
                </a>,
                "avant de renseigner les champs suivants.",
              ],
              "className": "subtitle is-2",
            },
            "ref": null,
            "rendered": Array [
              "Nous vous invitons à prendre connaissance des ",
              Object {
                "instance": null,
                "key": undefined,
                "nodeType": "host",
                "props": Object {
                  "children": "modalités de fonctionnement en cliquant ici ",
                  "className": "is-secondary",
                  "href": "https://pass.culture.fr/ressources",
                  "rel": "noopener noreferrer",
                  "target": "_blank",
                },
                "ref": null,
                "rendered": "modalités de fonctionnement en cliquant ici ",
                "type": "a",
              },
              "avant de renseigner les champs suivants.",
            ],
            "type": "h2",
          },
          Object {
            "instance": null,
            "key": undefined,
            "nodeType": "host",
            "props": Object {
              "children": Array [
                <span
                  className="required-legend"
                >
                  *
                </span>,
                " Champs obligatoires",
              ],
              "className": "has-text-grey",
            },
            "ref": null,
            "rendered": Array [
              Object {
                "instance": null,
                "key": undefined,
                "nodeType": "host",
                "props": Object {
                  "children": "*",
                  "className": "required-legend",
                },
                "ref": null,
                "rendered": "*",
                "type": "span",
              },
              " Champs obligatoires",
            ],
            "type": "span",
          },
          Object {
            "instance": null,
            "key": undefined,
            "nodeType": "function",
            "props": Object {
              "BlockComponent": null,
              "Tag": "form",
              "action": "/users/signup/pro",
              "children": Array [
                <div
                  className="field-group"
                >
                  <Field
                    displayValue={[Function]}
                    errors={null}
                    label="Adresse e-mail"
                    layout="horizontal"
                    name="email"
                    placeholder="nom@exemple.fr"
                    required={true}
                    size="normal"
                    storeValue={[Function]}
                    sublabel="pour se connecter et récupérer son mot de passe en cas d’oubli"
                    type="email"
                  />
                  <Field
                    displayValue={[Function]}
                    errors={null}
                    info="
          <Fragment>Votre mot de passe doit contenir au moins :
            <ul>
              <li>12 caractères</li>
              <li>une majuscule et une minuscule</li>
              <li>un chiffre</li>
              <li>un caractère spécial (signe de ponctuation, symbole monétaire ou mathématique)</li>
            </ul>
          </Fragment>"
                    label="Mot de passe"
                    layout="horizontal"
                    name="password"
                    placeholder="Mon mot de passe"
                    required={true}
                    size="normal"
                    storeValue={[Function]}
                    sublabel="pour se connecter"
                    type="password"
                  />
                  <Field
                    displayValue={[Function]}
                    errors={null}
                    label="Nom"
                    layout="horizontal"
                    name="lastName"
                    placeholder="Mon nom"
                    required={true}
                    size="normal"
                    storeValue={[Function]}
                  />
                  <Field
                    displayValue={[Function]}
                    errors={null}
                    label="Prénom"
                    layout="horizontal"
                    name="firstName"
                    placeholder="Mon prénom"
                    required={true}
                    size="normal"
                    storeValue={[Function]}
                  />
                  <Field
                    displayValue={[Function]}
                    errors={null}
                    label="Téléphone"
                    layout="horizontal"
                    name="phoneNumber"
                    placeholder="Mon numéro de téléphone"
                    required={true}
                    size="normal"
                    storeValue={[Function]}
                    sublabel="utilisé uniquement par l'équipe du pass Culture"
                  />
                  <Field
                    disabling={[Function]}
                    displayValue={[Function]}
                    errors={null}
                    label="SIREN"
                    layout="horizontal"
                    name="siren"
                    placeholder="123 456 789"
                    required={true}
                    size="normal"
                    storeValue={[Function]}
                    sublabel="de la structure que vous représentez"
                    type="siren"
                    withFetchedName={true}
                  />
                  <Field
                    displayValue={[Function]}
                    errors={null}
                    label="Je souhaite recevoir les actualités du pass Culture"
                    layout="horizontal"
                    name="newsletter_ok"
                    size="normal"
                    storeValue={[Function]}
                    type="checkbox"
                  />
                  <Field
                    displayValue={[Function]}
                    errors={null}
                    label="J’accepte d'être contacté par e-mail pour donner mon avis sur le pass Culture"
                    layout="horizontal"
                    name="contact_ok"
                    required={true}
                    size="normal"
                    storeValue={[Function]}
                    type="checkbox"
                  />
                  <Field
                    className="cgu-field"
                    displayValue={[Function]}
                    errors={null}
                    label={
                      <React.Fragment>
                        J’ai lu et j’accepte les 
                        <a
                          href="https://docs.passculture.app/textes-normatifs"
                          id="accept-cgu-link"
                          rel="noopener noreferrer"
                          target="_blank"
                        >
                          Conditions Générales d’Utilisation
                        </a>
                      </React.Fragment>
                    }
                    layout="horizontal"
                    name="cgu_ok"
                    required={true}
                    size="normal"
                    storeValue={[Function]}
                    type="checkbox"
                  />
                  <div
                    className="errors"
                  />
                </div>,
                <div
                  className="buttons-field"
                >
                  <NavLink
                    activeClassName="active"
                    aria-current="page"
                    className="button is-secondary"
                    to="/connexion"
                  >
                    J’ai déjà un compte
                  </NavLink>
                  <SubmitButton
                    className="button is-primary is-outlined"
                    getDisabled={[Function]}
                    getTitle={[Function]}
                    requiredFields={Array []}
                    type="submit"
                  >
                    Créer
                  </SubmitButton>
                </div>,
              ],
              "className": null,
              "errorsPatch": Object {},
              "failNotification": "Formulaire non validé",
              "formPatch": Object {},
              "formatPatch": [Function],
              "handleFail": null,
              "handleFailNotification": null,
              "handleFailRedirect": null,
              "handleSuccess": null,
              "handleSuccessNotification": null,
              "handleSuccessRedirect": [Function],
              "layout": "vertical",
              "name": "user",
              "normalizer": null,
              "onEnterKey": null,
              "onEscapeKey": null,
              "onSubmit": null,
              "patch": Object {},
              "successNotification": "Formulaire non validé",
            },
            "ref": null,
            "rendered": Array [
              Object {
                "instance": null,
                "key": undefined,
                "nodeType": "host",
                "props": Object {
                  "children": Array [
                    <Field
                      displayValue={[Function]}
                      errors={null}
                      label="Adresse e-mail"
                      layout="horizontal"
                      name="email"
                      placeholder="nom@exemple.fr"
                      required={true}
                      size="normal"
                      storeValue={[Function]}
                      sublabel="pour se connecter et récupérer son mot de passe en cas d’oubli"
                      type="email"
                    />,
                    <Field
                      displayValue={[Function]}
                      errors={null}
                      info="
          <Fragment>Votre mot de passe doit contenir au moins :
            <ul>
              <li>12 caractères</li>
              <li>une majuscule et une minuscule</li>
              <li>un chiffre</li>
              <li>un caractère spécial (signe de ponctuation, symbole monétaire ou mathématique)</li>
            </ul>
          </Fragment>"
                      label="Mot de passe"
                      layout="horizontal"
                      name="password"
                      placeholder="Mon mot de passe"
                      required={true}
                      size="normal"
                      storeValue={[Function]}
                      sublabel="pour se connecter"
                      type="password"
                    />,
                    <Field
                      displayValue={[Function]}
                      errors={null}
                      label="Nom"
                      layout="horizontal"
                      name="lastName"
                      placeholder="Mon nom"
                      required={true}
                      size="normal"
                      storeValue={[Function]}
                    />,
                    <Field
                      displayValue={[Function]}
                      errors={null}
                      label="Prénom"
                      layout="horizontal"
                      name="firstName"
                      placeholder="Mon prénom"
                      required={true}
                      size="normal"
                      storeValue={[Function]}
                    />,
                    <Field
                      displayValue={[Function]}
                      errors={null}
                      label="Téléphone"
                      layout="horizontal"
                      name="phoneNumber"
                      placeholder="Mon numéro de téléphone"
                      required={true}
                      size="normal"
                      storeValue={[Function]}
                      sublabel="utilisé uniquement par l'équipe du pass Culture"
                    />,
                    <Field
                      disabling={[Function]}
                      displayValue={[Function]}
                      errors={null}
                      label="SIREN"
                      layout="horizontal"
                      name="siren"
                      placeholder="123 456 789"
                      required={true}
                      size="normal"
                      storeValue={[Function]}
                      sublabel="de la structure que vous représentez"
                      type="siren"
                      withFetchedName={true}
                    />,
                    <Field
                      displayValue={[Function]}
                      errors={null}
                      label="Je souhaite recevoir les actualités du pass Culture"
                      layout="horizontal"
                      name="newsletter_ok"
                      size="normal"
                      storeValue={[Function]}
                      type="checkbox"
                    />,
                    <Field
                      displayValue={[Function]}
                      errors={null}
                      label="J’accepte d'être contacté par e-mail pour donner mon avis sur le pass Culture"
                      layout="horizontal"
                      name="contact_ok"
                      required={true}
                      size="normal"
                      storeValue={[Function]}
                      type="checkbox"
                    />,
                    <Field
                      className="cgu-field"
                      displayValue={[Function]}
                      errors={null}
                      label={
                        <React.Fragment>
                          J’ai lu et j’accepte les 
                          <a
                            href="https://docs.passculture.app/textes-normatifs"
                            id="accept-cgu-link"
                            rel="noopener noreferrer"
                            target="_blank"
                          >
                            Conditions Générales d’Utilisation
                          </a>
                        </React.Fragment>
                      }
                      layout="horizontal"
                      name="cgu_ok"
                      required={true}
                      size="normal"
                      storeValue={[Function]}
                      type="checkbox"
                    />,
                    <div
                      className="errors"
                    />,
                  ],
                  "className": "field-group",
                },
                "ref": null,
                "rendered": Array [
                  Object {
                    "instance": null,
                    "key": undefined,
                    "nodeType": "class",
                    "props": Object {
                      "displayValue": [Function],
                      "errors": null,
                      "label": "Adresse e-mail",
                      "layout": "horizontal",
                      "name": "email",
                      "placeholder": "nom@exemple.fr",
                      "required": true,
                      "size": "normal",
                      "storeValue": [Function],
                      "sublabel": "pour se connecter et récupérer son mot de passe en cas d’oubli",
                      "type": "email",
                    },
                    "ref": null,
                    "rendered": null,
                    "type": [Function],
                  },
                  Object {
                    "instance": null,
                    "key": undefined,
                    "nodeType": "class",
                    "props": Object {
                      "displayValue": [Function],
                      "errors": null,
                      "info": "
          <Fragment>Votre mot de passe doit contenir au moins :
            <ul>
              <li>12 caractères</li>
              <li>une majuscule et une minuscule</li>
              <li>un chiffre</li>
              <li>un caractère spécial (signe de ponctuation, symbole monétaire ou mathématique)</li>
            </ul>
          </Fragment>",
                      "label": "Mot de passe",
                      "layout": "horizontal",
                      "name": "password",
                      "placeholder": "Mon mot de passe",
                      "required": true,
                      "size": "normal",
                      "storeValue": [Function],
                      "sublabel": "pour se connecter",
                      "type": "password",
                    },
                    "ref": null,
                    "rendered": null,
                    "type": [Function],
                  },
                  Object {
                    "instance": null,
                    "key": undefined,
                    "nodeType": "class",
                    "props": Object {
                      "displayValue": [Function],
                      "errors": null,
                      "label": "Nom",
                      "layout": "horizontal",
                      "name": "lastName",
                      "placeholder": "Mon nom",
                      "required": true,
                      "size": "normal",
                      "storeValue": [Function],
                    },
                    "ref": null,
                    "rendered": null,
                    "type": [Function],
                  },
                  Object {
                    "instance": null,
                    "key": undefined,
                    "nodeType": "class",
                    "props": Object {
                      "displayValue": [Function],
                      "errors": null,
                      "label": "Prénom",
                      "layout": "horizontal",
                      "name": "firstName",
                      "placeholder": "Mon prénom",
                      "required": true,
                      "size": "normal",
                      "storeValue": [Function],
                    },
                    "ref": null,
                    "rendered": null,
                    "type": [Function],
                  },
                  Object {
                    "instance": null,
                    "key": undefined,
                    "nodeType": "class",
                    "props": Object {
                      "displayValue": [Function],
                      "errors": null,
                      "label": "Téléphone",
                      "layout": "horizontal",
                      "name": "phoneNumber",
                      "placeholder": "Mon numéro de téléphone",
                      "required": true,
                      "size": "normal",
                      "storeValue": [Function],
                      "sublabel": "utilisé uniquement par l'équipe du pass Culture",
                    },
                    "ref": null,
                    "rendered": null,
                    "type": [Function],
                  },
                  Object {
                    "instance": null,
                    "key": undefined,
                    "nodeType": "class",
                    "props": Object {
                      "disabling": [Function],
                      "displayValue": [Function],
                      "errors": null,
                      "label": "SIREN",
                      "layout": "horizontal",
                      "name": "siren",
                      "placeholder": "123 456 789",
                      "required": true,
                      "size": "normal",
                      "storeValue": [Function],
                      "sublabel": "de la structure que vous représentez",
                      "type": "siren",
                      "withFetchedName": true,
                    },
                    "ref": null,
                    "rendered": null,
                    "type": [Function],
                  },
                  Object {
                    "instance": null,
                    "key": undefined,
                    "nodeType": "class",
                    "props": Object {
                      "displayValue": [Function],
                      "errors": null,
                      "label": "Je souhaite recevoir les actualités du pass Culture",
                      "layout": "horizontal",
                      "name": "newsletter_ok",
                      "size": "normal",
                      "storeValue": [Function],
                      "type": "checkbox",
                    },
                    "ref": null,
                    "rendered": null,
                    "type": [Function],
                  },
                  Object {
                    "instance": null,
                    "key": undefined,
                    "nodeType": "class",
                    "props": Object {
                      "displayValue": [Function],
                      "errors": null,
                      "label": "J’accepte d'être contacté par e-mail pour donner mon avis sur le pass Culture",
                      "layout": "horizontal",
                      "name": "contact_ok",
                      "required": true,
                      "size": "normal",
                      "storeValue": [Function],
                      "type": "checkbox",
                    },
                    "ref": null,
                    "rendered": null,
                    "type": [Function],
                  },
                  Object {
                    "instance": null,
                    "key": undefined,
                    "nodeType": "class",
                    "props": Object {
                      "className": "cgu-field",
                      "displayValue": [Function],
                      "errors": null,
                      "label": <React.Fragment>
                        J’ai lu et j’accepte les 
                        <a
                          href="https://docs.passculture.app/textes-normatifs"
                          id="accept-cgu-link"
                          rel="noopener noreferrer"
                          target="_blank"
                        >
                          Conditions Générales d’Utilisation
                        </a>
                      </React.Fragment>,
                      "layout": "horizontal",
                      "name": "cgu_ok",
                      "required": true,
                      "size": "normal",
                      "storeValue": [Function],
                      "type": "checkbox",
                    },
                    "ref": null,
                    "rendered": null,
                    "type": [Function],
                  },
                  Object {
                    "instance": null,
                    "key": undefined,
                    "nodeType": "host",
                    "props": Object {
                      "children": Array [],
                      "className": "errors",
                    },
                    "ref": null,
                    "rendered": Array [],
                    "type": "div",
                  },
                ],
                "type": "div",
              },
              Object {
                "instance": null,
                "key": undefined,
                "nodeType": "host",
                "props": Object {
                  "children": Array [
                    <NavLink
                      activeClassName="active"
                      aria-current="page"
                      className="button is-secondary"
                      to="/connexion"
                    >
                      J’ai déjà un compte
                    </NavLink>,
                    <SubmitButton
                      className="button is-primary is-outlined"
                      getDisabled={[Function]}
                      getTitle={[Function]}
                      requiredFields={Array []}
                      type="submit"
                    >
                      Créer
                    </SubmitButton>,
                  ],
                  "className": "buttons-field",
                },
                "ref": null,
                "rendered": Array [
                  Object {
                    "instance": null,
                    "key": undefined,
                    "nodeType": "function",
                    "props": Object {
                      "activeClassName": "active",
                      "aria-current": "page",
                      "children": "J’ai déjà un compte",
                      "className": "button is-secondary",
                      "to": "/connexion",
                    },
                    "ref": null,
                    "rendered": "J’ai déjà un compte",
                    "type": [Function],
                  },
                  Object {
                    "instance": null,
                    "key": undefined,
                    "nodeType": "function",
                    "props": Object {
                      "children": "Créer",
                      "className": "button is-primary is-outlined",
                      "getDisabled": [Function],
                      "getTitle": [Function],
                      "requiredFields": Array [],
                      "type": "submit",
                    },
                    "ref": null,
                    "rendered": "Créer",
                    "type": [Function],
                  },
                ],
                "type": "div",
              },
            ],
            "type": [Function],
          },
        ],
        "type": "div",
      },
      "type": "section",
    },
  ],
  Symbol(enzyme.__options__): Object {
    "adapter": ReactSixteenAdapter {
      "options": Object {
        "enableComponentDidUpdateOnSetState": true,
        "legacyContextMode": "parent",
        "lifecycles": Object {
          "componentDidUpdate": Object {
            "onSetState": true,
          },
          "getChildContext": Object {
            "calledByRenderer": false,
          },
          "getDerivedStateFromError": true,
          "getDerivedStateFromProps": Object {
            "hasShouldComponentUpdateBug": false,
          },
          "getSnapshotBeforeUpdate": true,
          "setState": Object {
            "skipsComponentDidUpdateOnNullish": true,
          },
        },
      },
    },
    Symbol(enzyme.__providerValues__): undefined,
  },
  Symbol(enzyme.__providerValues__): Map {},
  Symbol(enzyme.__childContext__): null,
}
`;
