// Jest Snapshot v1, https://goo.gl/fbAQLP

exports[`src | components | pages | Venue | fields | BankFields should match the snapshot 1`] = `
ShallowWrapper {
  Symbol(enzyme.__root__): [Circular],
  Symbol(enzyme.__unrendered__): <BankFields
    adminUserOfferer={true}
    areBankInformationProvided={false}
    readOnly={true}
  />,
  Symbol(enzyme.__renderer__): Object {
    "batchedUpdates": [Function],
    "checkPropTypes": [Function],
    "getNode": [Function],
    "render": [Function],
    "simulateError": [Function],
    "simulateEvent": [Function],
    "unmount": [Function],
  },
  Symbol(enzyme.__node__): Object {
    "instance": null,
    "key": undefined,
    "nodeType": "host",
    "props": Object {
      "children": Array [
        <h2
          className="main-list-title"
        >
          Informations bancaires
          <span
            className="is-pulled-right fs13 has-text-grey"
          />
        </h2>,
        <p
          className="bank-instructions-label fs13"
        >
          Le pass Culture vous contactera prochainement afin d’enregistrer vos coordonnées bancaires. Une fois votre BIC / IBAN renseigné, ces informations apparaitront ci-dessous.
        </p>,
        <div
          className="field-group"
        >
          <TextField
            className=""
            disabled={false}
            format={null}
            id={null}
            innerClassName={null}
            isDecimal={true}
            label="BIC : "
            name="bic"
            parse={null}
            placeholder=""
            readOnly={true}
            renderInner={[Function]}
            renderValue={[Function]}
            required={false}
            type="text"
            validate={null}
          />
          <TextField
            className=""
            disabled={false}
            format={null}
            id={null}
            innerClassName={null}
            isDecimal={true}
            label="IBAN : "
            name="iban"
            parse={null}
            placeholder=""
            readOnly={true}
            renderInner={[Function]}
            renderValue={[Function]}
            required={false}
            type="text"
            validate={null}
          />
        </div>,
      ],
      "className": "section",
    },
    "ref": null,
    "rendered": Array [
      Object {
        "instance": null,
        "key": undefined,
        "nodeType": "host",
        "props": Object {
          "children": Array [
            "Informations bancaires",
            <span
              className="is-pulled-right fs13 has-text-grey"
            />,
          ],
          "className": "main-list-title",
        },
        "ref": null,
        "rendered": Array [
          "Informations bancaires",
          Object {
            "instance": null,
            "key": undefined,
            "nodeType": "host",
            "props": Object {
              "children": false,
              "className": "is-pulled-right fs13 has-text-grey",
            },
            "ref": null,
            "rendered": false,
            "type": "span",
          },
        ],
        "type": "h2",
      },
      Object {
        "instance": null,
        "key": undefined,
        "nodeType": "host",
        "props": Object {
          "children": "Le pass Culture vous contactera prochainement afin d’enregistrer vos coordonnées bancaires. Une fois votre BIC / IBAN renseigné, ces informations apparaitront ci-dessous.",
          "className": "bank-instructions-label fs13",
        },
        "ref": null,
        "rendered": "Le pass Culture vous contactera prochainement afin d’enregistrer vos coordonnées bancaires. Une fois votre BIC / IBAN renseigné, ces informations apparaitront ci-dessous.",
        "type": "p",
      },
      Object {
        "instance": null,
        "key": undefined,
        "nodeType": "host",
        "props": Object {
          "children": Array [
            <TextField
              className=""
              disabled={false}
              format={null}
              id={null}
              innerClassName={null}
              isDecimal={true}
              label="BIC : "
              name="bic"
              parse={null}
              placeholder=""
              readOnly={true}
              renderInner={[Function]}
              renderValue={[Function]}
              required={false}
              type="text"
              validate={null}
            />,
            <TextField
              className=""
              disabled={false}
              format={null}
              id={null}
              innerClassName={null}
              isDecimal={true}
              label="IBAN : "
              name="iban"
              parse={null}
              placeholder=""
              readOnly={true}
              renderInner={[Function]}
              renderValue={[Function]}
              required={false}
              type="text"
              validate={null}
            />,
          ],
          "className": "field-group",
        },
        "ref": null,
        "rendered": Array [
          Object {
            "instance": null,
            "key": undefined,
            "nodeType": "class",
            "props": Object {
              "className": "",
              "disabled": false,
              "format": null,
              "id": null,
              "innerClassName": null,
              "isDecimal": true,
              "label": "BIC : ",
              "name": "bic",
              "parse": null,
              "placeholder": "",
              "readOnly": true,
              "renderInner": [Function],
              "renderValue": [Function],
              "required": false,
              "type": "text",
              "validate": null,
            },
            "ref": null,
            "rendered": null,
            "type": [Function],
          },
          Object {
            "instance": null,
            "key": undefined,
            "nodeType": "class",
            "props": Object {
              "className": "",
              "disabled": false,
              "format": null,
              "id": null,
              "innerClassName": null,
              "isDecimal": true,
              "label": "IBAN : ",
              "name": "iban",
              "parse": null,
              "placeholder": "",
              "readOnly": true,
              "renderInner": [Function],
              "renderValue": [Function],
              "required": false,
              "type": "text",
              "validate": null,
            },
            "ref": null,
            "rendered": null,
            "type": [Function],
          },
        ],
        "type": "div",
      },
    ],
    "type": "div",
  },
  Symbol(enzyme.__nodes__): Array [
    Object {
      "instance": null,
      "key": undefined,
      "nodeType": "host",
      "props": Object {
        "children": Array [
          <h2
            className="main-list-title"
          >
            Informations bancaires
            <span
              className="is-pulled-right fs13 has-text-grey"
            />
          </h2>,
          <p
            className="bank-instructions-label fs13"
          >
            Le pass Culture vous contactera prochainement afin d’enregistrer vos coordonnées bancaires. Une fois votre BIC / IBAN renseigné, ces informations apparaitront ci-dessous.
          </p>,
          <div
            className="field-group"
          >
            <TextField
              className=""
              disabled={false}
              format={null}
              id={null}
              innerClassName={null}
              isDecimal={true}
              label="BIC : "
              name="bic"
              parse={null}
              placeholder=""
              readOnly={true}
              renderInner={[Function]}
              renderValue={[Function]}
              required={false}
              type="text"
              validate={null}
            />
            <TextField
              className=""
              disabled={false}
              format={null}
              id={null}
              innerClassName={null}
              isDecimal={true}
              label="IBAN : "
              name="iban"
              parse={null}
              placeholder=""
              readOnly={true}
              renderInner={[Function]}
              renderValue={[Function]}
              required={false}
              type="text"
              validate={null}
            />
          </div>,
        ],
        "className": "section",
      },
      "ref": null,
      "rendered": Array [
        Object {
          "instance": null,
          "key": undefined,
          "nodeType": "host",
          "props": Object {
            "children": Array [
              "Informations bancaires",
              <span
                className="is-pulled-right fs13 has-text-grey"
              />,
            ],
            "className": "main-list-title",
          },
          "ref": null,
          "rendered": Array [
            "Informations bancaires",
            Object {
              "instance": null,
              "key": undefined,
              "nodeType": "host",
              "props": Object {
                "children": false,
                "className": "is-pulled-right fs13 has-text-grey",
              },
              "ref": null,
              "rendered": false,
              "type": "span",
            },
          ],
          "type": "h2",
        },
        Object {
          "instance": null,
          "key": undefined,
          "nodeType": "host",
          "props": Object {
            "children": "Le pass Culture vous contactera prochainement afin d’enregistrer vos coordonnées bancaires. Une fois votre BIC / IBAN renseigné, ces informations apparaitront ci-dessous.",
            "className": "bank-instructions-label fs13",
          },
          "ref": null,
          "rendered": "Le pass Culture vous contactera prochainement afin d’enregistrer vos coordonnées bancaires. Une fois votre BIC / IBAN renseigné, ces informations apparaitront ci-dessous.",
          "type": "p",
        },
        Object {
          "instance": null,
          "key": undefined,
          "nodeType": "host",
          "props": Object {
            "children": Array [
              <TextField
                className=""
                disabled={false}
                format={null}
                id={null}
                innerClassName={null}
                isDecimal={true}
                label="BIC : "
                name="bic"
                parse={null}
                placeholder=""
                readOnly={true}
                renderInner={[Function]}
                renderValue={[Function]}
                required={false}
                type="text"
                validate={null}
              />,
              <TextField
                className=""
                disabled={false}
                format={null}
                id={null}
                innerClassName={null}
                isDecimal={true}
                label="IBAN : "
                name="iban"
                parse={null}
                placeholder=""
                readOnly={true}
                renderInner={[Function]}
                renderValue={[Function]}
                required={false}
                type="text"
                validate={null}
              />,
            ],
            "className": "field-group",
          },
          "ref": null,
          "rendered": Array [
            Object {
              "instance": null,
              "key": undefined,
              "nodeType": "class",
              "props": Object {
                "className": "",
                "disabled": false,
                "format": null,
                "id": null,
                "innerClassName": null,
                "isDecimal": true,
                "label": "BIC : ",
                "name": "bic",
                "parse": null,
                "placeholder": "",
                "readOnly": true,
                "renderInner": [Function],
                "renderValue": [Function],
                "required": false,
                "type": "text",
                "validate": null,
              },
              "ref": null,
              "rendered": null,
              "type": [Function],
            },
            Object {
              "instance": null,
              "key": undefined,
              "nodeType": "class",
              "props": Object {
                "className": "",
                "disabled": false,
                "format": null,
                "id": null,
                "innerClassName": null,
                "isDecimal": true,
                "label": "IBAN : ",
                "name": "iban",
                "parse": null,
                "placeholder": "",
                "readOnly": true,
                "renderInner": [Function],
                "renderValue": [Function],
                "required": false,
                "type": "text",
                "validate": null,
              },
              "ref": null,
              "rendered": null,
              "type": [Function],
            },
          ],
          "type": "div",
        },
      ],
      "type": "div",
    },
  ],
  Symbol(enzyme.__options__): Object {
    "adapter": ReactSixteenAdapter {
      "options": Object {
        "enableComponentDidUpdateOnSetState": true,
        "legacyContextMode": "parent",
        "lifecycles": Object {
          "componentDidUpdate": Object {
            "onSetState": true,
          },
          "getChildContext": Object {
            "calledByRenderer": false,
          },
          "getDerivedStateFromError": true,
          "getDerivedStateFromProps": Object {
            "hasShouldComponentUpdateBug": false,
          },
          "getSnapshotBeforeUpdate": true,
          "setState": Object {
            "skipsComponentDidUpdateOnNullish": true,
          },
        },
      },
    },
    Symbol(enzyme.__providerValues__): undefined,
  },
  Symbol(enzyme.__providerValues__): Map {},
}
`;
