// Jest Snapshot v1, https://goo.gl/fbAQLP

exports[`src | components | pages | Bookings should match snapshot 1`] = `
ShallowWrapper {
  Symbol(enzyme.__root__): [Circular],
  Symbol(enzyme.__unrendered__): <Bookings
    pathToCsvFile=""
    showButtons={false}
    showOfferSection={false}
  />,
  Symbol(enzyme.__renderer__): Object {
    "batchedUpdates": [Function],
    "checkPropTypes": [Function],
    "getNode": [Function],
    "render": [Function],
    "simulateError": [Function],
    "simulateEvent": [Function],
    "unmount": [Function],
  },
  Symbol(enzyme.__node__): Object {
    "instance": null,
    "key": undefined,
    "nodeType": "function",
    "props": Object {
      "children": Array [
        <Titles
          action={null}
          subtitle={null}
          title="Suivi des réservations"
        />,
        <p
          className="advice"
        >
          Téléchargez le récapitulatif des réservations de vos offres.
          <br />
          <br />
          Le fichier est au format CSV, compatible avec tous les tableurs et éditeurs de texte.
        </p>,
        <Insert
          className="blue-insert"
          icon="picto-info-solid-black"
        >
          Les
          <b>
             réservations d’événements 
          </b>
          sont annulables par les utilisateurs jusqu’à 72h avant la date d’événement.
          <p />
          <p />
          La contremarque ne peut être validée qu’après ce délai.
        </Insert>,
        <hr
          className="blackline"
        />,
        <withRouter(_withQueryRouter) />,
        false,
        false,
      ],
      "name": "bookings",
    },
    "ref": null,
    "rendered": Array [
      Object {
        "instance": null,
        "key": undefined,
        "nodeType": "function",
        "props": Object {
          "action": null,
          "subtitle": null,
          "title": "Suivi des réservations",
        },
        "ref": null,
        "rendered": null,
        "type": [Function],
      },
      Object {
        "instance": null,
        "key": undefined,
        "nodeType": "host",
        "props": Object {
          "children": Array [
            "Téléchargez le récapitulatif des réservations de vos offres.",
            <br />,
            <br />,
            "Le fichier est au format CSV, compatible avec tous les tableurs et éditeurs de texte.",
          ],
          "className": "advice",
        },
        "ref": null,
        "rendered": Array [
          "Téléchargez le récapitulatif des réservations de vos offres.",
          Object {
            "instance": null,
            "key": undefined,
            "nodeType": "host",
            "props": Object {},
            "ref": null,
            "rendered": null,
            "type": "br",
          },
          Object {
            "instance": null,
            "key": undefined,
            "nodeType": "host",
            "props": Object {},
            "ref": null,
            "rendered": null,
            "type": "br",
          },
          "Le fichier est au format CSV, compatible avec tous les tableurs et éditeurs de texte.",
        ],
        "type": "p",
      },
      Object {
        "instance": null,
        "key": undefined,
        "nodeType": "function",
        "props": Object {
          "children": Array [
            "Les",
            <b>
               réservations d’événements 
            </b>,
            "sont annulables par les utilisateurs jusqu’à 72h avant la date d’événement.",
            <p />,
            <p />,
            "La contremarque ne peut être validée qu’après ce délai.",
          ],
          "className": "blue-insert",
          "icon": "picto-info-solid-black",
        },
        "ref": null,
        "rendered": Array [
          "Les",
          Object {
            "instance": null,
            "key": undefined,
            "nodeType": "host",
            "props": Object {
              "children": " réservations d’événements ",
            },
            "ref": null,
            "rendered": " réservations d’événements ",
            "type": "b",
          },
          "sont annulables par les utilisateurs jusqu’à 72h avant la date d’événement.",
          Object {
            "instance": null,
            "key": undefined,
            "nodeType": "host",
            "props": Object {},
            "ref": null,
            "rendered": null,
            "type": "p",
          },
          Object {
            "instance": null,
            "key": undefined,
            "nodeType": "host",
            "props": Object {},
            "ref": null,
            "rendered": null,
            "type": "p",
          },
          "La contremarque ne peut être validée qu’après ce délai.",
        ],
        "type": [Function],
      },
      Object {
        "instance": null,
        "key": undefined,
        "nodeType": "host",
        "props": Object {
          "className": "blackline",
        },
        "ref": null,
        "rendered": null,
        "type": "hr",
      },
      Object {
        "instance": null,
        "key": undefined,
        "nodeType": "function",
        "props": Object {},
        "ref": null,
        "rendered": null,
        "type": [Function],
      },
      false,
      false,
    ],
    "type": [Function],
  },
  Symbol(enzyme.__nodes__): Array [
    Object {
      "instance": null,
      "key": undefined,
      "nodeType": "function",
      "props": Object {
        "children": Array [
          <Titles
            action={null}
            subtitle={null}
            title="Suivi des réservations"
          />,
          <p
            className="advice"
          >
            Téléchargez le récapitulatif des réservations de vos offres.
            <br />
            <br />
            Le fichier est au format CSV, compatible avec tous les tableurs et éditeurs de texte.
          </p>,
          <Insert
            className="blue-insert"
            icon="picto-info-solid-black"
          >
            Les
            <b>
               réservations d’événements 
            </b>
            sont annulables par les utilisateurs jusqu’à 72h avant la date d’événement.
            <p />
            <p />
            La contremarque ne peut être validée qu’après ce délai.
          </Insert>,
          <hr
            className="blackline"
          />,
          <withRouter(_withQueryRouter) />,
          false,
          false,
        ],
        "name": "bookings",
      },
      "ref": null,
      "rendered": Array [
        Object {
          "instance": null,
          "key": undefined,
          "nodeType": "function",
          "props": Object {
            "action": null,
            "subtitle": null,
            "title": "Suivi des réservations",
          },
          "ref": null,
          "rendered": null,
          "type": [Function],
        },
        Object {
          "instance": null,
          "key": undefined,
          "nodeType": "host",
          "props": Object {
            "children": Array [
              "Téléchargez le récapitulatif des réservations de vos offres.",
              <br />,
              <br />,
              "Le fichier est au format CSV, compatible avec tous les tableurs et éditeurs de texte.",
            ],
            "className": "advice",
          },
          "ref": null,
          "rendered": Array [
            "Téléchargez le récapitulatif des réservations de vos offres.",
            Object {
              "instance": null,
              "key": undefined,
              "nodeType": "host",
              "props": Object {},
              "ref": null,
              "rendered": null,
              "type": "br",
            },
            Object {
              "instance": null,
              "key": undefined,
              "nodeType": "host",
              "props": Object {},
              "ref": null,
              "rendered": null,
              "type": "br",
            },
            "Le fichier est au format CSV, compatible avec tous les tableurs et éditeurs de texte.",
          ],
          "type": "p",
        },
        Object {
          "instance": null,
          "key": undefined,
          "nodeType": "function",
          "props": Object {
            "children": Array [
              "Les",
              <b>
                 réservations d’événements 
              </b>,
              "sont annulables par les utilisateurs jusqu’à 72h avant la date d’événement.",
              <p />,
              <p />,
              "La contremarque ne peut être validée qu’après ce délai.",
            ],
            "className": "blue-insert",
            "icon": "picto-info-solid-black",
          },
          "ref": null,
          "rendered": Array [
            "Les",
            Object {
              "instance": null,
              "key": undefined,
              "nodeType": "host",
              "props": Object {
                "children": " réservations d’événements ",
              },
              "ref": null,
              "rendered": " réservations d’événements ",
              "type": "b",
            },
            "sont annulables par les utilisateurs jusqu’à 72h avant la date d’événement.",
            Object {
              "instance": null,
              "key": undefined,
              "nodeType": "host",
              "props": Object {},
              "ref": null,
              "rendered": null,
              "type": "p",
            },
            Object {
              "instance": null,
              "key": undefined,
              "nodeType": "host",
              "props": Object {},
              "ref": null,
              "rendered": null,
              "type": "p",
            },
            "La contremarque ne peut être validée qu’après ce délai.",
          ],
          "type": [Function],
        },
        Object {
          "instance": null,
          "key": undefined,
          "nodeType": "host",
          "props": Object {
            "className": "blackline",
          },
          "ref": null,
          "rendered": null,
          "type": "hr",
        },
        Object {
          "instance": null,
          "key": undefined,
          "nodeType": "function",
          "props": Object {},
          "ref": null,
          "rendered": null,
          "type": [Function],
        },
        false,
        false,
      ],
      "type": [Function],
    },
  ],
  Symbol(enzyme.__options__): Object {
    "adapter": ReactSixteenAdapter {
      "options": Object {
        "enableComponentDidUpdateOnSetState": true,
        "legacyContextMode": "parent",
        "lifecycles": Object {
          "componentDidUpdate": Object {
            "onSetState": true,
          },
          "getChildContext": Object {
            "calledByRenderer": false,
          },
          "getDerivedStateFromError": true,
          "getDerivedStateFromProps": Object {
            "hasShouldComponentUpdateBug": false,
          },
          "getSnapshotBeforeUpdate": true,
          "setState": Object {
            "skipsComponentDidUpdateOnNullish": true,
          },
        },
      },
    },
    Symbol(enzyme.__providerValues__): undefined,
  },
  Symbol(enzyme.__providerValues__): Map {},
}
`;
