// Jest Snapshot v1, https://goo.gl/fbAQLP

exports[`src | components | pages | Venue | VenueProvidersManager | VenueProviderItem should match snapshot 1`] = `
ShallowWrapper {
  Symbol(enzyme.__root__): [Circular],
  Symbol(enzyme.__unrendered__): <VenueProviderItem
    dispatch={[MockFunction]}
    events={
      Array [
        Object {},
      ]
    }
    things={
      Array [
        Object {},
      ]
    }
    venue={
      Object {
        "id": 1,
      }
    }
    venueProvider={
      Object {
        "id": 1,
        "isActive": true,
        "lastSyncDate": "2018-01-01",
        "provider": Object {
          "localClass": "fake local class",
          "name": "fake local class",
        },
        "venueIdAtOfferProvider": 1,
      }
    }
  />,
  Symbol(enzyme.__renderer__): Object {
    "batchedUpdates": [Function],
    "checkPropTypes": [Function],
    "getNode": [Function],
    "render": [Function],
    "simulateError": [Function],
    "simulateEvent": [Function],
    "unmount": [Function],
  },
  Symbol(enzyme.__node__): Object {
    "instance": null,
    "key": undefined,
    "nodeType": "host",
    "props": Object {
      "children": Array [
        <div
          className="picto"
        >
          <Icon
            svg="picto-db-default"
          />
        </div>,
        <div
          className="has-text-weight-bold fs14 provider-name-container"
        >
          fake local class
        </div>,
        <div
          className="fs14 venue-id-at-offer-provider-container"
        >
          Compte : 
           
          <strong
            className="has-text-weight-bold fs14"
          >
            1
          </strong>
        </div>,
        <div>
          <div
            className="offers-container"
          >
            <NavLink
              activeClassName="active"
              aria-current="page"
              className="has-text-primary"
              to="/offres?lieu=1"
            >
              <Icon
                svg="ico-offres-r"
              />
              2 offres
            </NavLink>
          </div>
          <div
            className="button-container"
          >
            <button
              className="button is-secondary enable-disable-button"
              onClick={[Function]}
            >
              Désactiver
            </button>
          </div>
        </div>,
        <div>
          <button
            className="delete is-small"
            onClick={[Function]}
          />
        </div>,
      ],
      "className": "is-disabled venue-provider-row",
    },
    "ref": null,
    "rendered": Array [
      Object {
        "instance": null,
        "key": undefined,
        "nodeType": "host",
        "props": Object {
          "children": <Icon
            svg="picto-db-default"
          />,
          "className": "picto",
        },
        "ref": null,
        "rendered": Object {
          "instance": null,
          "key": undefined,
          "nodeType": "function",
          "props": Object {
            "svg": "picto-db-default",
          },
          "ref": null,
          "rendered": null,
          "type": [Function],
        },
        "type": "div",
      },
      Object {
        "instance": null,
        "key": undefined,
        "nodeType": "host",
        "props": Object {
          "children": "fake local class",
          "className": "has-text-weight-bold fs14 provider-name-container",
        },
        "ref": null,
        "rendered": "fake local class",
        "type": "div",
      },
      Object {
        "instance": null,
        "key": undefined,
        "nodeType": "host",
        "props": Object {
          "children": Array [
            "Compte : ",
            " ",
            <strong
              className="has-text-weight-bold fs14"
            >
              1
            </strong>,
          ],
          "className": "fs14 venue-id-at-offer-provider-container",
        },
        "ref": null,
        "rendered": Array [
          "Compte : ",
          " ",
          Object {
            "instance": null,
            "key": undefined,
            "nodeType": "host",
            "props": Object {
              "children": 1,
              "className": "has-text-weight-bold fs14",
            },
            "ref": null,
            "rendered": 1,
            "type": "strong",
          },
        ],
        "type": "div",
      },
      Object {
        "instance": null,
        "key": undefined,
        "nodeType": "host",
        "props": Object {
          "children": Array [
            <div
              className="offers-container"
            >
              <NavLink
                activeClassName="active"
                aria-current="page"
                className="has-text-primary"
                to="/offres?lieu=1"
              >
                <Icon
                  svg="ico-offres-r"
                />
                2 offres
              </NavLink>
            </div>,
            <div
              className="button-container"
            >
              <button
                className="button is-secondary enable-disable-button"
                onClick={[Function]}
              >
                Désactiver
              </button>
            </div>,
          ],
        },
        "ref": null,
        "rendered": Array [
          Object {
            "instance": null,
            "key": undefined,
            "nodeType": "host",
            "props": Object {
              "children": <NavLink
                activeClassName="active"
                aria-current="page"
                className="has-text-primary"
                to="/offres?lieu=1"
              >
                <Icon
                  svg="ico-offres-r"
                />
                2 offres
              </NavLink>,
              "className": "offers-container",
            },
            "ref": null,
            "rendered": Object {
              "instance": null,
              "key": undefined,
              "nodeType": "function",
              "props": Object {
                "activeClassName": "active",
                "aria-current": "page",
                "children": Array [
                  <Icon
                    svg="ico-offres-r"
                  />,
                  "2 offres",
                ],
                "className": "has-text-primary",
                "to": "/offres?lieu=1",
              },
              "ref": null,
              "rendered": Array [
                Object {
                  "instance": null,
                  "key": undefined,
                  "nodeType": "function",
                  "props": Object {
                    "svg": "ico-offres-r",
                  },
                  "ref": null,
                  "rendered": null,
                  "type": [Function],
                },
                "2 offres",
              ],
              "type": [Function],
            },
            "type": "div",
          },
          Object {
            "instance": null,
            "key": undefined,
            "nodeType": "host",
            "props": Object {
              "children": <button
                className="button is-secondary enable-disable-button"
                onClick={[Function]}
              >
                Désactiver
              </button>,
              "className": "button-container",
            },
            "ref": null,
            "rendered": Object {
              "instance": null,
              "key": undefined,
              "nodeType": "host",
              "props": Object {
                "children": "Désactiver",
                "className": "button is-secondary enable-disable-button",
                "onClick": [Function],
              },
              "ref": null,
              "rendered": "Désactiver",
              "type": "button",
            },
            "type": "div",
          },
        ],
        "type": "div",
      },
      Object {
        "instance": null,
        "key": undefined,
        "nodeType": "host",
        "props": Object {
          "children": <button
            className="delete is-small"
            onClick={[Function]}
          />,
        },
        "ref": null,
        "rendered": Object {
          "instance": null,
          "key": undefined,
          "nodeType": "host",
          "props": Object {
            "className": "delete is-small",
            "onClick": [Function],
          },
          "ref": null,
          "rendered": null,
          "type": "button",
        },
        "type": "div",
      },
    ],
    "type": "li",
  },
  Symbol(enzyme.__nodes__): Array [
    Object {
      "instance": null,
      "key": undefined,
      "nodeType": "host",
      "props": Object {
        "children": Array [
          <div
            className="picto"
          >
            <Icon
              svg="picto-db-default"
            />
          </div>,
          <div
            className="has-text-weight-bold fs14 provider-name-container"
          >
            fake local class
          </div>,
          <div
            className="fs14 venue-id-at-offer-provider-container"
          >
            Compte : 
             
            <strong
              className="has-text-weight-bold fs14"
            >
              1
            </strong>
          </div>,
          <div>
            <div
              className="offers-container"
            >
              <NavLink
                activeClassName="active"
                aria-current="page"
                className="has-text-primary"
                to="/offres?lieu=1"
              >
                <Icon
                  svg="ico-offres-r"
                />
                2 offres
              </NavLink>
            </div>
            <div
              className="button-container"
            >
              <button
                className="button is-secondary enable-disable-button"
                onClick={[Function]}
              >
                Désactiver
              </button>
            </div>
          </div>,
          <div>
            <button
              className="delete is-small"
              onClick={[Function]}
            />
          </div>,
        ],
        "className": "is-disabled venue-provider-row",
      },
      "ref": null,
      "rendered": Array [
        Object {
          "instance": null,
          "key": undefined,
          "nodeType": "host",
          "props": Object {
            "children": <Icon
              svg="picto-db-default"
            />,
            "className": "picto",
          },
          "ref": null,
          "rendered": Object {
            "instance": null,
            "key": undefined,
            "nodeType": "function",
            "props": Object {
              "svg": "picto-db-default",
            },
            "ref": null,
            "rendered": null,
            "type": [Function],
          },
          "type": "div",
        },
        Object {
          "instance": null,
          "key": undefined,
          "nodeType": "host",
          "props": Object {
            "children": "fake local class",
            "className": "has-text-weight-bold fs14 provider-name-container",
          },
          "ref": null,
          "rendered": "fake local class",
          "type": "div",
        },
        Object {
          "instance": null,
          "key": undefined,
          "nodeType": "host",
          "props": Object {
            "children": Array [
              "Compte : ",
              " ",
              <strong
                className="has-text-weight-bold fs14"
              >
                1
              </strong>,
            ],
            "className": "fs14 venue-id-at-offer-provider-container",
          },
          "ref": null,
          "rendered": Array [
            "Compte : ",
            " ",
            Object {
              "instance": null,
              "key": undefined,
              "nodeType": "host",
              "props": Object {
                "children": 1,
                "className": "has-text-weight-bold fs14",
              },
              "ref": null,
              "rendered": 1,
              "type": "strong",
            },
          ],
          "type": "div",
        },
        Object {
          "instance": null,
          "key": undefined,
          "nodeType": "host",
          "props": Object {
            "children": Array [
              <div
                className="offers-container"
              >
                <NavLink
                  activeClassName="active"
                  aria-current="page"
                  className="has-text-primary"
                  to="/offres?lieu=1"
                >
                  <Icon
                    svg="ico-offres-r"
                  />
                  2 offres
                </NavLink>
              </div>,
              <div
                className="button-container"
              >
                <button
                  className="button is-secondary enable-disable-button"
                  onClick={[Function]}
                >
                  Désactiver
                </button>
              </div>,
            ],
          },
          "ref": null,
          "rendered": Array [
            Object {
              "instance": null,
              "key": undefined,
              "nodeType": "host",
              "props": Object {
                "children": <NavLink
                  activeClassName="active"
                  aria-current="page"
                  className="has-text-primary"
                  to="/offres?lieu=1"
                >
                  <Icon
                    svg="ico-offres-r"
                  />
                  2 offres
                </NavLink>,
                "className": "offers-container",
              },
              "ref": null,
              "rendered": Object {
                "instance": null,
                "key": undefined,
                "nodeType": "function",
                "props": Object {
                  "activeClassName": "active",
                  "aria-current": "page",
                  "children": Array [
                    <Icon
                      svg="ico-offres-r"
                    />,
                    "2 offres",
                  ],
                  "className": "has-text-primary",
                  "to": "/offres?lieu=1",
                },
                "ref": null,
                "rendered": Array [
                  Object {
                    "instance": null,
                    "key": undefined,
                    "nodeType": "function",
                    "props": Object {
                      "svg": "ico-offres-r",
                    },
                    "ref": null,
                    "rendered": null,
                    "type": [Function],
                  },
                  "2 offres",
                ],
                "type": [Function],
              },
              "type": "div",
            },
            Object {
              "instance": null,
              "key": undefined,
              "nodeType": "host",
              "props": Object {
                "children": <button
                  className="button is-secondary enable-disable-button"
                  onClick={[Function]}
                >
                  Désactiver
                </button>,
                "className": "button-container",
              },
              "ref": null,
              "rendered": Object {
                "instance": null,
                "key": undefined,
                "nodeType": "host",
                "props": Object {
                  "children": "Désactiver",
                  "className": "button is-secondary enable-disable-button",
                  "onClick": [Function],
                },
                "ref": null,
                "rendered": "Désactiver",
                "type": "button",
              },
              "type": "div",
            },
          ],
          "type": "div",
        },
        Object {
          "instance": null,
          "key": undefined,
          "nodeType": "host",
          "props": Object {
            "children": <button
              className="delete is-small"
              onClick={[Function]}
            />,
          },
          "ref": null,
          "rendered": Object {
            "instance": null,
            "key": undefined,
            "nodeType": "host",
            "props": Object {
              "className": "delete is-small",
              "onClick": [Function],
            },
            "ref": null,
            "rendered": null,
            "type": "button",
          },
          "type": "div",
        },
      ],
      "type": "li",
    },
  ],
  Symbol(enzyme.__options__): Object {
    "adapter": ReactSixteenAdapter {
      "options": Object {
        "enableComponentDidUpdateOnSetState": true,
        "legacyContextMode": "parent",
        "lifecycles": Object {
          "componentDidUpdate": Object {
            "onSetState": true,
          },
          "getChildContext": Object {
            "calledByRenderer": false,
          },
          "getDerivedStateFromError": true,
          "getDerivedStateFromProps": Object {
            "hasShouldComponentUpdateBug": false,
          },
          "getSnapshotBeforeUpdate": true,
          "setState": Object {
            "skipsComponentDidUpdateOnNullish": true,
          },
        },
      },
    },
  },
  Symbol(enzyme.__childContext__): null,
}
`;
