// Jest Snapshot v1, https://goo.gl/fbAQLP

exports[`src | components | pages | activation | ActivationError should match snapshot 1`] = `
ShallowWrapper {
  Symbol(enzyme.__root__): [Circular],
  Symbol(enzyme.__unrendered__): <ActivationError />,
  Symbol(enzyme.__renderer__): Object {
    "batchedUpdates": [Function],
    "checkPropTypes": [Function],
    "getNode": [Function],
    "render": [Function],
    "simulateError": [Function],
    "simulateEvent": [Function],
    "unmount": [Function],
  },
  Symbol(enzyme.__node__): Object {
    "instance": null,
    "key": undefined,
    "nodeType": "host",
    "props": Object {
      "children": Array [
        <div
          className="flex-center flex-row"
        >
          <p
            className="fs20"
          >
            Il semblerait que le lien cliqué soit incorrect.
          </p>
        </div>,
        <div
          className="flex-center flex-row padded"
        >
          <MailToLink
            className="no-background border-all rd4 py12 px18 is-inline-block is-white-text text-center fs16"
            email="support@passculture.app"
            headers={
              Object {
                "subject": "Votre question depuis l'application pass Culture",
              }
            }
            id="activation-error-contact-us"
            obfuscate={true}
          >
            <span>
              Contactez-nous
            </span>
          </MailToLink>
        </div>,
      ],
      "className": "pc-main padded-2x flex-rows flex-center",
      "id": "activation-error-page",
      "role": "main",
    },
    "ref": null,
    "rendered": Array [
      Object {
        "instance": null,
        "key": undefined,
        "nodeType": "host",
        "props": Object {
          "children": <p
            className="fs20"
          >
            Il semblerait que le lien cliqué soit incorrect.
          </p>,
          "className": "flex-center flex-row",
        },
        "ref": null,
        "rendered": Object {
          "instance": null,
          "key": undefined,
          "nodeType": "host",
          "props": Object {
            "children": "Il semblerait que le lien cliqué soit incorrect.",
            "className": "fs20",
          },
          "ref": null,
          "rendered": "Il semblerait que le lien cliqué soit incorrect.",
          "type": "p",
        },
        "type": "div",
      },
      Object {
        "instance": null,
        "key": undefined,
        "nodeType": "host",
        "props": Object {
          "children": <MailToLink
            className="no-background border-all rd4 py12 px18 is-inline-block is-white-text text-center fs16"
            email="support@passculture.app"
            headers={
              Object {
                "subject": "Votre question depuis l'application pass Culture",
              }
            }
            id="activation-error-contact-us"
            obfuscate={true}
          >
            <span>
              Contactez-nous
            </span>
          </MailToLink>,
          "className": "flex-center flex-row padded",
        },
        "ref": null,
        "rendered": Object {
          "instance": null,
          "key": undefined,
          "nodeType": "class",
          "props": Object {
            "children": <span>
              Contactez-nous
            </span>,
            "className": "no-background border-all rd4 py12 px18 is-inline-block is-white-text text-center fs16",
            "email": "support@passculture.app",
            "headers": Object {
              "subject": "Votre question depuis l'application pass Culture",
            },
            "id": "activation-error-contact-us",
            "obfuscate": true,
          },
          "ref": null,
          "rendered": Object {
            "instance": null,
            "key": undefined,
            "nodeType": "host",
            "props": Object {
              "children": "Contactez-nous",
            },
            "ref": null,
            "rendered": "Contactez-nous",
            "type": "span",
          },
          "type": [Function],
        },
        "type": "div",
      },
    ],
    "type": "main",
  },
  Symbol(enzyme.__nodes__): Array [
    Object {
      "instance": null,
      "key": undefined,
      "nodeType": "host",
      "props": Object {
        "children": Array [
          <div
            className="flex-center flex-row"
          >
            <p
              className="fs20"
            >
              Il semblerait que le lien cliqué soit incorrect.
            </p>
          </div>,
          <div
            className="flex-center flex-row padded"
          >
            <MailToLink
              className="no-background border-all rd4 py12 px18 is-inline-block is-white-text text-center fs16"
              email="support@passculture.app"
              headers={
                Object {
                  "subject": "Votre question depuis l'application pass Culture",
                }
              }
              id="activation-error-contact-us"
              obfuscate={true}
            >
              <span>
                Contactez-nous
              </span>
            </MailToLink>
          </div>,
        ],
        "className": "pc-main padded-2x flex-rows flex-center",
        "id": "activation-error-page",
        "role": "main",
      },
      "ref": null,
      "rendered": Array [
        Object {
          "instance": null,
          "key": undefined,
          "nodeType": "host",
          "props": Object {
            "children": <p
              className="fs20"
            >
              Il semblerait que le lien cliqué soit incorrect.
            </p>,
            "className": "flex-center flex-row",
          },
          "ref": null,
          "rendered": Object {
            "instance": null,
            "key": undefined,
            "nodeType": "host",
            "props": Object {
              "children": "Il semblerait que le lien cliqué soit incorrect.",
              "className": "fs20",
            },
            "ref": null,
            "rendered": "Il semblerait que le lien cliqué soit incorrect.",
            "type": "p",
          },
          "type": "div",
        },
        Object {
          "instance": null,
          "key": undefined,
          "nodeType": "host",
          "props": Object {
            "children": <MailToLink
              className="no-background border-all rd4 py12 px18 is-inline-block is-white-text text-center fs16"
              email="support@passculture.app"
              headers={
                Object {
                  "subject": "Votre question depuis l'application pass Culture",
                }
              }
              id="activation-error-contact-us"
              obfuscate={true}
            >
              <span>
                Contactez-nous
              </span>
            </MailToLink>,
            "className": "flex-center flex-row padded",
          },
          "ref": null,
          "rendered": Object {
            "instance": null,
            "key": undefined,
            "nodeType": "class",
            "props": Object {
              "children": <span>
                Contactez-nous
              </span>,
              "className": "no-background border-all rd4 py12 px18 is-inline-block is-white-text text-center fs16",
              "email": "support@passculture.app",
              "headers": Object {
                "subject": "Votre question depuis l'application pass Culture",
              },
              "id": "activation-error-contact-us",
              "obfuscate": true,
            },
            "ref": null,
            "rendered": Object {
              "instance": null,
              "key": undefined,
              "nodeType": "host",
              "props": Object {
                "children": "Contactez-nous",
              },
              "ref": null,
              "rendered": "Contactez-nous",
              "type": "span",
            },
            "type": [Function],
          },
          "type": "div",
        },
      ],
      "type": "main",
    },
  ],
  Symbol(enzyme.__options__): Object {
    "adapter": ReactSixteenAdapter {
      "options": Object {
        "enableComponentDidUpdateOnSetState": true,
        "legacyContextMode": "parent",
        "lifecycles": Object {
          "componentDidUpdate": Object {
            "onSetState": true,
          },
          "getChildContext": Object {
            "calledByRenderer": false,
          },
          "getDerivedStateFromProps": Object {
            "hasShouldComponentUpdateBug": false,
          },
          "getSnapshotBeforeUpdate": true,
          "setState": Object {
            "skipsComponentDidUpdateOnNullish": true,
          },
        },
      },
    },
  },
}
`;
