// Jest Snapshot v1, https://goo.gl/fbAQLP

exports[`src | components | pages | BetaPage should match the snapshot 1`] = `
ShallowWrapper {
  Symbol(enzyme.__root__): [Circular],
  Symbol(enzyme.__unrendered__): <BetaPage />,
  Symbol(enzyme.__renderer__): Object {
    "batchedUpdates": [Function],
    "checkPropTypes": [Function],
    "getNode": [Function],
    "render": [Function],
    "simulateError": [Function],
    "simulateEvent": [Function],
    "unmount": [Function],
  },
  Symbol(enzyme.__node__): Object {
    "instance": null,
    "key": undefined,
    "nodeType": "host",
    "props": Object {
      "children": Array [
        <main
          className="bp-main"
        >
          <div
            className="bp-title"
          >
            Bienvenue dans

            votre pass Culture
          </div>
          <div
            className="bp-content"
          >
            Vous avez 18 ans & vivez dans un

            <a
              href="https://pass.culture.fr/#jeune"
              rel="noopener noreferrer"
              target="_blank"
            >
              département éligible ?
            </a>
          </div>
          <div
            className="bp-content"
          >
            Bénéficiez de 500€ afin de

            renforcer vos pratiques

            culturelles et d'en découvrir

            de nouvelles !
          </div>
        </main>,
        <footer
          className="bp-footer"
        >
          <FormFooter
            cancel={null}
            className=""
            externalLink={
              Object {
                "id": "sign-up-link",
                "label": "Créer un compte",
                "target": "_blank",
                "url": "https://www.demarches-simplifiees.fr/commencer/inscription-pass-culture",
              }
            }
            submit={
              Object {
                "className": "is-bold",
                "disabled": false,
                "id": "signin-button",
                "label": "J'ai un compte",
                "url": "/connexion",
              }
            }
          />
        </footer>,
      ],
      "className": "beta-page",
    },
    "ref": null,
    "rendered": Array [
      Object {
        "instance": null,
        "key": undefined,
        "nodeType": "host",
        "props": Object {
          "children": Array [
            <div
              className="bp-title"
            >
              Bienvenue dans

              votre pass Culture
            </div>,
            <div
              className="bp-content"
            >
              Vous avez 18 ans & vivez dans un

              <a
                href="https://pass.culture.fr/#jeune"
                rel="noopener noreferrer"
                target="_blank"
              >
                département éligible ?
              </a>
            </div>,
            <div
              className="bp-content"
            >
              Bénéficiez de 500€ afin de

              renforcer vos pratiques

              culturelles et d'en découvrir

              de nouvelles !
            </div>,
          ],
          "className": "bp-main",
        },
        "ref": null,
        "rendered": Array [
          Object {
            "instance": null,
            "key": undefined,
            "nodeType": "host",
            "props": Object {
              "children": Array [
                "Bienvenue dans
",
                "votre pass Culture",
              ],
              "className": "bp-title",
            },
            "ref": null,
            "rendered": Array [
              "Bienvenue dans
",
              "votre pass Culture",
            ],
            "type": "div",
          },
          Object {
            "instance": null,
            "key": undefined,
            "nodeType": "host",
            "props": Object {
              "children": Array [
                "Vous avez 18 ans & vivez dans un
",
                <a
                  href="https://pass.culture.fr/#jeune"
                  rel="noopener noreferrer"
                  target="_blank"
                >
                  département éligible ?
                </a>,
              ],
              "className": "bp-content",
            },
            "ref": null,
            "rendered": Array [
              "Vous avez 18 ans & vivez dans un
",
              Object {
                "instance": null,
                "key": undefined,
                "nodeType": "host",
                "props": Object {
                  "children": "département éligible ?",
                  "href": "https://pass.culture.fr/#jeune",
                  "rel": "noopener noreferrer",
                  "target": "_blank",
                },
                "ref": null,
                "rendered": "département éligible ?",
                "type": "a",
              },
            ],
            "type": "div",
          },
          Object {
            "instance": null,
            "key": undefined,
            "nodeType": "host",
            "props": Object {
              "children": Array [
                "Bénéficiez de 500€ afin de
",
                "renforcer vos pratiques
",
                "culturelles et d'en découvrir
",
                "de nouvelles !",
              ],
              "className": "bp-content",
            },
            "ref": null,
            "rendered": Array [
              "Bénéficiez de 500€ afin de
",
              "renforcer vos pratiques
",
              "culturelles et d'en découvrir
",
              "de nouvelles !",
            ],
            "type": "div",
          },
        ],
        "type": "main",
      },
      Object {
        "instance": null,
        "key": undefined,
        "nodeType": "host",
        "props": Object {
          "children": <FormFooter
            cancel={null}
            className=""
            externalLink={
              Object {
                "id": "sign-up-link",
                "label": "Créer un compte",
                "target": "_blank",
                "url": "https://www.demarches-simplifiees.fr/commencer/inscription-pass-culture",
              }
            }
            submit={
              Object {
                "className": "is-bold",
                "disabled": false,
                "id": "signin-button",
                "label": "J'ai un compte",
                "url": "/connexion",
              }
            }
          />,
          "className": "bp-footer",
        },
        "ref": null,
        "rendered": Object {
          "instance": null,
          "key": undefined,
          "nodeType": "class",
          "props": Object {
            "cancel": null,
            "className": "",
            "externalLink": Object {
              "id": "sign-up-link",
              "label": "Créer un compte",
              "target": "_blank",
              "url": "https://www.demarches-simplifiees.fr/commencer/inscription-pass-culture",
            },
            "submit": Object {
              "className": "is-bold",
              "disabled": false,
              "id": "signin-button",
              "label": "J'ai un compte",
              "url": "/connexion",
            },
          },
          "ref": null,
          "rendered": null,
          "type": [Function],
        },
        "type": "footer",
      },
    ],
    "type": "div",
  },
  Symbol(enzyme.__nodes__): Array [
    Object {
      "instance": null,
      "key": undefined,
      "nodeType": "host",
      "props": Object {
        "children": Array [
          <main
            className="bp-main"
          >
            <div
              className="bp-title"
            >
              Bienvenue dans

              votre pass Culture
            </div>
            <div
              className="bp-content"
            >
              Vous avez 18 ans & vivez dans un

              <a
                href="https://pass.culture.fr/#jeune"
                rel="noopener noreferrer"
                target="_blank"
              >
                département éligible ?
              </a>
            </div>
            <div
              className="bp-content"
            >
              Bénéficiez de 500€ afin de

              renforcer vos pratiques

              culturelles et d'en découvrir

              de nouvelles !
            </div>
          </main>,
          <footer
            className="bp-footer"
          >
            <FormFooter
              cancel={null}
              className=""
              externalLink={
                Object {
                  "id": "sign-up-link",
                  "label": "Créer un compte",
                  "target": "_blank",
                  "url": "https://www.demarches-simplifiees.fr/commencer/inscription-pass-culture",
                }
              }
              submit={
                Object {
                  "className": "is-bold",
                  "disabled": false,
                  "id": "signin-button",
                  "label": "J'ai un compte",
                  "url": "/connexion",
                }
              }
            />
          </footer>,
        ],
        "className": "beta-page",
      },
      "ref": null,
      "rendered": Array [
        Object {
          "instance": null,
          "key": undefined,
          "nodeType": "host",
          "props": Object {
            "children": Array [
              <div
                className="bp-title"
              >
                Bienvenue dans

                votre pass Culture
              </div>,
              <div
                className="bp-content"
              >
                Vous avez 18 ans & vivez dans un

                <a
                  href="https://pass.culture.fr/#jeune"
                  rel="noopener noreferrer"
                  target="_blank"
                >
                  département éligible ?
                </a>
              </div>,
              <div
                className="bp-content"
              >
                Bénéficiez de 500€ afin de

                renforcer vos pratiques

                culturelles et d'en découvrir

                de nouvelles !
              </div>,
            ],
            "className": "bp-main",
          },
          "ref": null,
          "rendered": Array [
            Object {
              "instance": null,
              "key": undefined,
              "nodeType": "host",
              "props": Object {
                "children": Array [
                  "Bienvenue dans
",
                  "votre pass Culture",
                ],
                "className": "bp-title",
              },
              "ref": null,
              "rendered": Array [
                "Bienvenue dans
",
                "votre pass Culture",
              ],
              "type": "div",
            },
            Object {
              "instance": null,
              "key": undefined,
              "nodeType": "host",
              "props": Object {
                "children": Array [
                  "Vous avez 18 ans & vivez dans un
",
                  <a
                    href="https://pass.culture.fr/#jeune"
                    rel="noopener noreferrer"
                    target="_blank"
                  >
                    département éligible ?
                  </a>,
                ],
                "className": "bp-content",
              },
              "ref": null,
              "rendered": Array [
                "Vous avez 18 ans & vivez dans un
",
                Object {
                  "instance": null,
                  "key": undefined,
                  "nodeType": "host",
                  "props": Object {
                    "children": "département éligible ?",
                    "href": "https://pass.culture.fr/#jeune",
                    "rel": "noopener noreferrer",
                    "target": "_blank",
                  },
                  "ref": null,
                  "rendered": "département éligible ?",
                  "type": "a",
                },
              ],
              "type": "div",
            },
            Object {
              "instance": null,
              "key": undefined,
              "nodeType": "host",
              "props": Object {
                "children": Array [
                  "Bénéficiez de 500€ afin de
",
                  "renforcer vos pratiques
",
                  "culturelles et d'en découvrir
",
                  "de nouvelles !",
                ],
                "className": "bp-content",
              },
              "ref": null,
              "rendered": Array [
                "Bénéficiez de 500€ afin de
",
                "renforcer vos pratiques
",
                "culturelles et d'en découvrir
",
                "de nouvelles !",
              ],
              "type": "div",
            },
          ],
          "type": "main",
        },
        Object {
          "instance": null,
          "key": undefined,
          "nodeType": "host",
          "props": Object {
            "children": <FormFooter
              cancel={null}
              className=""
              externalLink={
                Object {
                  "id": "sign-up-link",
                  "label": "Créer un compte",
                  "target": "_blank",
                  "url": "https://www.demarches-simplifiees.fr/commencer/inscription-pass-culture",
                }
              }
              submit={
                Object {
                  "className": "is-bold",
                  "disabled": false,
                  "id": "signin-button",
                  "label": "J'ai un compte",
                  "url": "/connexion",
                }
              }
            />,
            "className": "bp-footer",
          },
          "ref": null,
          "rendered": Object {
            "instance": null,
            "key": undefined,
            "nodeType": "class",
            "props": Object {
              "cancel": null,
              "className": "",
              "externalLink": Object {
                "id": "sign-up-link",
                "label": "Créer un compte",
                "target": "_blank",
                "url": "https://www.demarches-simplifiees.fr/commencer/inscription-pass-culture",
              },
              "submit": Object {
                "className": "is-bold",
                "disabled": false,
                "id": "signin-button",
                "label": "J'ai un compte",
                "url": "/connexion",
              },
            },
            "ref": null,
            "rendered": null,
            "type": [Function],
          },
          "type": "footer",
        },
      ],
      "type": "div",
    },
  ],
  Symbol(enzyme.__options__): Object {
    "adapter": ReactSixteenAdapter {
      "options": Object {
        "enableComponentDidUpdateOnSetState": true,
        "legacyContextMode": "parent",
        "lifecycles": Object {
          "componentDidUpdate": Object {
            "onSetState": true,
          },
          "getChildContext": Object {
            "calledByRenderer": false,
          },
          "getDerivedStateFromError": true,
          "getDerivedStateFromProps": Object {
            "hasShouldComponentUpdateBug": false,
          },
          "getSnapshotBeforeUpdate": true,
          "setState": Object {
            "skipsComponentDidUpdateOnNullish": true,
          },
        },
      },
    },
    Symbol(enzyme.__providerValues__): undefined,
  },
  Symbol(enzyme.__providerValues__): Map {},
}
`;
