// Jest Snapshot v1, https://goo.gl/fbAQLP

exports[`src | components | pages | Offer | StockManager | StockItem | sub-components | EditAndDeleteControl should match the snapshot 1`] = `"<tr><td><button class=\\"button is-small is-secondary edit-stock\\" id=\\"edit-stock-EA-button\\" title=\\"\\" type=\\"button\\"><span class=\\"icon\\"><img alt=\\"ico-pen-r\\" src=\\"http://localhost/icons/ico-pen-r.svg\\"></span></button></td><td class=\\"is-clipped\\"><button class=\\"button is-small is-secondary delete-stock\\" style=\\"width: 100%;\\" type=\\"button\\"><span class=\\"icon\\"><img alt=\\"ico-close-r\\" src=\\"http://localhost/icons/ico-close-r.svg\\"></span></button></td></tr>"`;
